<html>
<body>
<pre>
<h1>礦ision Build Log</h1>
<h2>Tool Versions:</h2>
IDE-Version: μVision V5.37.0.0
Copyright (C) 2022 ARM Ltd and ARM Germany GmbH. All rights reserved.
License Information: MM JJ, KK, LIC=FYKYW-QNM11-MMD9I-TI3D1-4KUDN-7IBA0
 
Tool Versions:
Toolchain:       MDK-ARM Plus  Version: 5.37.0.0
Toolchain Path:  C:\Keil_v5\ARM\ARMCC\Bin
C Compiler:      Armcc.exe V5.06 update 7 (build 960)
Assembler:       Armasm.exe V5.06 update 7 (build 960)
Linker/Locator:  ArmLink.exe V5.06 update 7 (build 960)
Library Manager: ArmAr.exe V5.06 update 7 (build 960)
Hex Converter:   FromElf.exe V5.06 update 7 (build 960)
CPU DLL:         SARMCM3.DLL V5.37.0.0
Dialog DLL:      DCM.DLL V1.17.5.0
Target DLL:      Segger\JL2CM3.dll V2.99.42.0
Dialog DLL:      TCM.DLL V1.56.1.0
 
<h2>Project:</h2>
C:\Users\xiaog\Documents\My Ebooks\Electric Motor Related\澄远FOC\02_澄远 STM32F103同步伺服电机FOC开发套件 完整资料V1.8\01_MCMP2460-S2F\03_Model & Code\03_code\mmcs\MDK-ARM\mmcs.uvprojx
Project File Date:  11/12/2024

<h2>Output:</h2>
*** Using Compiler 'V5.06 update 7 (build 960)', folder: 'C:\Keil_v5\ARM\ARMCC\Bin'
Rebuild target 'mmcs'
assembling startup_stm32f103xb.s...
compiling HFTask.c...
compiling circle_limit.c...
compiling Clark.c...
compiling em_sincos.c...
compiling em_svpwm.c...
compiling AntiPark.c...
compiling mmcs_s2f.c...
compiling MFTask.c...
compiling Park.c...
compiling ObserverPLL.c...
compiling rt_nonfinite.c...
compiling rtGetInf.c...
compiling rtGetNaN.c...
compiling trajectory_ctrl.c...
compiling CurrentLoop.c...
compiling SpeedConvert.c...
compiling over_current_detect.c...
compiling led.c...
compiling key_read.c...
compiling key_process.c...
compiling spd_sensor.c...
compiling vofa_justfloat_engine.c...
compiling encoder.c...
compiling hall.c...
compiling mc_aux.c...
compiling adc.c...
compiling usart.c...
compiling stm32f1xx_hal_msp.c...
compiling gpio.c...
compiling tim.c...
compiling main.c...
compiling func_test.c...
compiling stm32f1xx_hal_gpio_ex.c...
compiling stm32f1xx_it.c...
compiling stm32f1xx_hal_adc.c...
compiling stm32f1xx_hal.c...
compiling stm32f1xx_hal_rcc.c...
compiling stm32f1xx_hal_adc_ex.c...
compiling stm32f1xx_hal_gpio.c...
compiling stm32f1xx_hal_cortex.c...
compiling stm32f1xx_hal_pwr.c...
compiling stm32f1xx_hal_dma.c...
compiling stm32f1xx_hal_rcc_ex.c...
compiling stm32f1xx_hal_exti.c...
compiling stm32f1xx_hal_flash.c...
compiling stm32f1xx_hal_flash_ex.c...
compiling system_stm32f1xx.c...
compiling stm32f1xx_hal_uart.c...
compiling stm32f1xx_hal_tim_ex.c...
compiling stm32f1xx_hal_tim.c...
linking...
Program Size: Code=38278 RO-data=938 RW-data=240 ZI-data=3760  
FromELF: creating hex file...
"mmcs\mmcs.axf" - 0 Error(s), 0 Warning(s).

<h2>Software Packages used:</h2>

Package Vendor: ARM
                http://www.keil.com/pack/ARM.CMSIS.5.9.0.pack
                ARM.CMSIS.5.9.0
                CMSIS (Common Microcontroller Software Interface Standard)
   * Component: CORE Version: 5.6.0

Package Vendor: Keil
                http://www.keil.com/pack/Keil.STM32F1xx_DFP.2.4.0.pack
                Keil.STM32F1xx_DFP.2.4.0
                STMicroelectronics STM32F1 Series Device Support, Drivers and Examples

<h2>Collection of Component include folders:</h2>
  ./RTE/_mmcs
  C:/Users/xiaog/AppData/Local/Arm/Packs/ARM/CMSIS/5.9.0/CMSIS/Core/Include
  C:/Users/xiaog/AppData/Local/Arm/Packs/Keil/STM32F1xx_DFP/2.4.0/Device/Include

<h2>Collection of Component Files used:</h2>

   * Component: ARM::CMSIS:CORE:5.6.0
Build Time Elapsed:  00:00:10
</pre>
</body>
</html>
