Component: ARM Compiler 5.06 update 7 (build 960) Tool: armlink [4d3601]

==============================================================================

Section Cross References

    startup_stm32f103xb.o(STACK) refers (Special) to heapauxi.o(.text) for __use_two_region_memory
    startup_stm32f103xb.o(HEAP) refers (Special) to heapauxi.o(.text) for __use_two_region_memory
    startup_stm32f103xb.o(RESET) refers (Special) to heapauxi.o(.text) for __use_two_region_memory
    startup_stm32f103xb.o(RESET) refers to startup_stm32f103xb.o(STACK) for __initial_sp
    startup_stm32f103xb.o(RESET) refers to startup_stm32f103xb.o(.text) for Reset_Handler
    startup_stm32f103xb.o(RESET) refers to stm32f1xx_it.o(i.NMI_Handler) for NMI_Handler
    startup_stm32f103xb.o(RESET) refers to stm32f1xx_it.o(i.HardFault_Handler) for HardFault_Handler
    startup_stm32f103xb.o(RESET) refers to stm32f1xx_it.o(i.MemManage_Handler) for MemManage_Handler
    startup_stm32f103xb.o(RESET) refers to stm32f1xx_it.o(i.BusFault_Handler) for BusFault_Handler
    startup_stm32f103xb.o(RESET) refers to stm32f1xx_it.o(i.UsageFault_Handler) for UsageFault_Handler
    startup_stm32f103xb.o(RESET) refers to stm32f1xx_it.o(i.SVC_Handler) for SVC_Handler
    startup_stm32f103xb.o(RESET) refers to stm32f1xx_it.o(i.DebugMon_Handler) for DebugMon_Handler
    startup_stm32f103xb.o(RESET) refers to stm32f1xx_it.o(i.PendSV_Handler) for PendSV_Handler
    startup_stm32f103xb.o(RESET) refers to stm32f1xx_it.o(i.SysTick_Handler) for SysTick_Handler
    startup_stm32f103xb.o(RESET) refers to stm32f1xx_it.o(i.ADC1_2_IRQHandler) for ADC1_2_IRQHandler
    startup_stm32f103xb.o(RESET) refers to stm32f1xx_it.o(i.TIM1_UP_IRQHandler) for TIM1_UP_IRQHandler
    startup_stm32f103xb.o(RESET) refers to stm32f1xx_it.o(i.TIM2_IRQHandler) for TIM2_IRQHandler
    startup_stm32f103xb.o(RESET) refers to stm32f1xx_it.o(i.TIM3_IRQHandler) for TIM3_IRQHandler
    startup_stm32f103xb.o(RESET) refers to stm32f1xx_it.o(i.USART1_IRQHandler) for USART1_IRQHandler
    startup_stm32f103xb.o(.text) refers (Special) to heapauxi.o(.text) for __use_two_region_memory
    startup_stm32f103xb.o(.text) refers to system_stm32f1xx.o(i.SystemInit) for SystemInit
    startup_stm32f103xb.o(.text) refers to __main.o(!!!main) for __main
    startup_stm32f103xb.o(.text) refers to startup_stm32f103xb.o(HEAP) for Heap_Mem
    startup_stm32f103xb.o(.text) refers to startup_stm32f103xb.o(STACK) for Stack_Mem
    circle_limit.o(i.CircleLimit) refers to circle_limit.o(.constdata) for MMITABLE
    clark.o(i.mmcs_s2f_Clark) refers to mmcs_s2f.o(i.mul_s32_loSR_zero) for mul_s32_loSR_zero
    em_sincos.o(i.EmCos) refers to em_sincos.o(.constdata) for hSin_Cos_Table
    em_sincos.o(i.EmSin) refers to em_sincos.o(.constdata) for hSin_Cos_Table
    hftask.o(i.mmcs_s2f_HFTask) refers to observerpll.o(i.mmcs_s2f_ObserverPLL) for mmcs_s2f_ObserverPLL
    hftask.o(i.mmcs_s2f_HFTask) refers to mmcs_s2f.o(i.div_s32) for div_s32
    hftask.o(i.mmcs_s2f_HFTask) refers to mmcs_s2f.o(i.ssuMultiWordMul) for ssuMultiWordMul
    hftask.o(i.mmcs_s2f_HFTask) refers to mmcs_s2f.o(i.sLong2MultiWord) for sLong2MultiWord
    hftask.o(i.mmcs_s2f_HFTask) refers to mmcs_s2f.o(i.sMultiWordDivZero) for sMultiWordDivZero
    hftask.o(i.mmcs_s2f_HFTask) refers to mmcs_s2f.o(i.MultiWord2sLong) for MultiWord2sLong
    hftask.o(i.mmcs_s2f_HFTask) refers to currentloop.o(i.mmcs_s2f_CurrentLoop) for mmcs_s2f_CurrentLoop
    hftask.o(i.mmcs_s2f_HFTask) refers to observerpll.o(i.mmcs_s2f_ObserverPLL_Update) for mmcs_s2f_ObserverPLL_Update
    hftask.o(i.mmcs_s2f_HFTask) refers to mmcs_s2f.o(i.mul_s32_hiSR_zero) for mul_s32_hiSR_zero
    hftask.o(i.mmcs_s2f_HFTask) refers to mmcs_s2f.o(.data) for i_beta_dot
    hftask.o(i.mmcs_s2f_HFTask_Init) refers to currentloop.o(i.mmcs_s2f_CurrentLoop_Init) for mmcs_s2f_CurrentLoop_Init
    hftask.o(i.mmcs_s2f_HFTask_Init) refers to observerpll.o(i.mmcs_s2f_ObserverPLL_Init) for mmcs_s2f_ObserverPLL_Init
    mftask.o(i.mmcs_s2f_MFTask) refers to trajectory_ctrl.o(i.PosCtrlInit) for PosCtrlInit
    mftask.o(i.mmcs_s2f_MFTask) refers to rt_memcpy_w.o(.text) for __aeabi_memcpy4
    mftask.o(i.mmcs_s2f_MFTask) refers to feqf.o(x$fpl$feqf) for __aeabi_cfcmpeq
    mftask.o(i.mmcs_s2f_MFTask) refers to fflt_clz.o(x$fpl$fflt) for __aeabi_i2f
    mftask.o(i.mmcs_s2f_MFTask) refers to fdiv.o(x$fpl$fdiv) for __aeabi_fdiv
    mftask.o(i.mmcs_s2f_MFTask) refers to trajectory_ctrl.o(i.PosCtrPlan) for PosCtrPlan
    mftask.o(i.mmcs_s2f_MFTask) refers to mmcs_s2f.o(i.mul_s32_hiSR_zero) for mul_s32_hiSR_zero
    mftask.o(i.mmcs_s2f_MFTask) refers to mmcs_s2f.o(i.mul_s32_loSR_sat_zero) for mul_s32_loSR_sat_zero
    mftask.o(i.mmcs_s2f_MFTask) refers to trajectory_ctrl.o(i.PosCtrPlanExec) for PosCtrPlanExec
    mftask.o(i.mmcs_s2f_MFTask) refers to fmul.o(x$fpl$fmul) for __aeabi_fmul
    mftask.o(i.mmcs_s2f_MFTask) refers to truncf.o(i.truncf) for truncf
[...]
    __rt_exit_prels_1                        0x0800017d   Thumb Code     0  rtexit2.o(.ARM.Collect$$rtexit$$00000002)
    __rt_exit_exit                           0x08000181   Thumb Code     0  rtexit2.o(.ARM.Collect$$rtexit$$00000004)
    Reset_Handler                            0x08000189   Thumb Code     8  startup_stm32f103xb.o(.text)
    CAN1_RX1_IRQHandler                      0x080001a3   Thumb Code     0  startup_stm32f103xb.o(.text)
    CAN1_SCE_IRQHandler                      0x080001a3   Thumb Code     0  startup_stm32f103xb.o(.text)
    DMA1_Channel1_IRQHandler                 0x080001a3   Thumb Code     0  startup_stm32f103xb.o(.text)
    DMA1_Channel2_IRQHandler                 0x080001a3   Thumb Code     0  startup_stm32f103xb.o(.text)
    DMA1_Channel3_IRQHandler                 0x080001a3   Thumb Code     0  startup_stm32f103xb.o(.text)
    DMA1_Channel4_IRQHandler                 0x080001a3   Thumb Code     0  startup_stm32f103xb.o(.text)
    DMA1_Channel5_IRQHandler                 0x080001a3   Thumb Code     0  startup_stm32f103xb.o(.text)
    DMA1_Channel6_IRQHandler                 0x080001a3   Thumb Code     0  startup_stm32f103xb.o(.text)
    DMA1_Channel7_IRQHandler                 0x080001a3   Thumb Code     0  startup_stm32f103xb.o(.text)
    EXTI0_IRQHandler                         0x080001a3   Thumb Code     0  startup_stm32f103xb.o(.text)
    EXTI15_10_IRQHandler                     0x080001a3   Thumb Code     0  startup_stm32f103xb.o(.text)
    EXTI1_IRQHandler                         0x080001a3   Thumb Code     0  startup_stm32f103xb.o(.text)
    EXTI2_IRQHandler                         0x080001a3   Thumb Code     0  startup_stm32f103xb.o(.text)
    EXTI3_IRQHandler                         0x080001a3   Thumb Code     0  startup_stm32f103xb.o(.text)
    EXTI4_IRQHandler                         0x080001a3   Thumb Code     0  startup_stm32f103xb.o(.text)
    EXTI9_5_IRQHandler                       0x080001a3   Thumb Code     0  startup_stm32f103xb.o(.text)
    FLASH_IRQHandler                         0x080001a3   Thumb Code     0  startup_stm32f103xb.o(.text)
    I2C1_ER_IRQHandler                       0x080001a3   Thumb Code     0  startup_stm32f103xb.o(.text)
    I2C1_EV_IRQHandler                       0x080001a3   Thumb Code     0  startup_stm32f103xb.o(.text)
    I2C2_ER_IRQHandler                       0x080001a3   Thumb Code     0  startup_stm32f103xb.o(.text)
    I2C2_EV_IRQHandler                       0x080001a3   Thumb Code     0  startup_stm32f103xb.o(.text)
    PVD_IRQHandler                           0x080001a3   Thumb Code     0  startup_stm32f103xb.o(.text)
    RCC_IRQHandler                           0x080001a3   Thumb Code     0  startup_stm32f103xb.o(.text)
    RTC_Alarm_IRQHandler                     0x080001a3   Thumb Code     0  startup_stm32f103xb.o(.text)
    RTC_IRQHandler                           0x080001a3   Thumb Code     0  startup_stm32f103xb.o(.text)
    SPI1_IRQHandler                          0x080001a3   Thumb Code     0  startup_stm32f103xb.o(.text)
    SPI2_IRQHandler                          0x080001a3   Thumb Code     0  startup_stm32f103xb.o(.text)
    TAMPER_IRQHandler                        0x080001a3   Thumb Code     0  startup_stm32f103xb.o(.text)
    TIM1_BRK_IRQHandler                      0x080001a3   Thumb Code     0  startup_stm32f103xb.o(.text)
    TIM1_CC_IRQHandler                       0x080001a3   Thumb Code     0  startup_stm32f103xb.o(.text)
    TIM1_TRG_COM_IRQHandler                  0x080001a3   Thumb Code     0  startup_stm32f103xb.o(.text)
    TIM4_IRQHandler                          0x080001a3   Thumb Code     0  startup_stm32f103xb.o(.text)
    USART2_IRQHandler                        0x080001a3   Thumb Code     0  startup_stm32f103xb.o(.text)
    USART3_IRQHandler                        0x080001a3   Thumb Code     0  startup_stm32f103xb.o(.text)
    USBWakeUp_IRQHandler                     0x080001a3   Thumb Code     0  startup_stm32f103xb.o(.text)
    USB_HP_CAN1_TX_IRQHandler                0x080001a3   Thumb Code     0  startup_stm32f103xb.o(.text)
    USB_LP_CAN1_RX0_IRQHandler               0x080001a3   Thumb Code     0  startup_stm32f103xb.o(.text)
    WWDG_IRQHandler                          0x080001a3   Thumb Code     0  startup_stm32f103xb.o(.text)
    __user_initial_stackheap                 0x080001a5   Thumb Code     0  startup_stm32f103xb.o(.text)
    __aeabi_ldivmod                          0x080001c9   Thumb Code     0  llsdiv.o(.text)
    _ll_sdiv                                 0x080001c9   Thumb Code    72  llsdiv.o(.text)
    __aeabi_memcpy4                          0x08000211   Thumb Code     0  rt_memcpy_w.o(.text)
    __aeabi_memcpy8                          0x08000211   Thumb Code     0  rt_memcpy_w.o(.text)
    __rt_memcpy_w                            0x08000211   Thumb Code   100  rt_memcpy_w.o(.text)
    _memcpy_lastbytes_aligned                0x08000259   Thumb Code     0  rt_memcpy_w.o(.text)
    __aeabi_memclr4                          0x08000275   Thumb Code     0  rt_memclr_w.o(.text)
    __aeabi_memclr8                          0x08000275   Thumb Code     0  rt_memclr_w.o(.text)
    __rt_memclr_w                            0x08000275   Thumb Code    78  rt_memclr_w.o(.text)
    _memset_w                                0x08000279   Thumb Code     0  rt_memclr_w.o(.text)
    __use_two_region_memory                  0x080002c3   Thumb Code     2  heapauxi.o(.text)
    __rt_heap_escrow$2region                 0x080002c5   Thumb Code     2  heapauxi.o(.text)
    __rt_heap_expand$2region                 0x080002c7   Thumb Code     2  heapauxi.o(.text)
    __aeabi_uldivmod                         0x080002c9   Thumb Code     0  lludivv7m.o(.text)
    _ll_udiv                                 0x080002c9   Thumb Code   238  lludivv7m.o(.text)
    __read_errno                             0x080003b7   Thumb Code    10  _rserrno.o(.text)
    __set_errno                              0x080003c1   Thumb Code    12  _rserrno.o(.text)
    __aeabi_errno_addr                       0x080003cd   Thumb Code     8  rt_errno_addr_intlibspace.o(.text)
    __errno$intlibspace                      0x080003cd   Thumb Code     0  rt_errno_addr_intlibspace.o(.text)
    __rt_errno_addr$intlibspace              0x080003cd   Thumb Code     0  rt_errno_addr_intlibspace.o(.text)
    __user_libspace                          0x080003d5   Thumb Code     8  libspace.o(.text)
    __user_perproc_libspace                  0x080003d5   Thumb Code     0  libspace.o(.text)
    __user_perthread_libspace                0x080003d5   Thumb Code     0  libspace.o(.text)
    __user_setup_stackheap                   0x080003dd   Thumb Code    74  sys_stackheap_outer.o(.text)
    exit                                     0x08000427   Thumb Code    18  exit.o(.text)
    _sys_exit                                0x08000439   Thumb Code     8  sys_exit.o(.text)
    __I$use$semihosting                      0x08000445   Thumb Code     0  use_no_semi.o(.text)
    __use_no_semihosting_swi                 0x08000445   Thumb Code     2  use_no_semi.o(.text)
    __semihosting_library_function           0x08000447   Thumb Code     0  indicate_semi.o(.text)
    ADC1_2_IRQHandler                        0x08000449   Thumb Code    24  stm32f1xx_it.o(i.ADC1_2_IRQHandler)
    ADC1_Start_IT                            0x08000465   Thumb Code    58  mc_aux.o(i.ADC1_Start_IT)
    ADC_ConversionStop_Disable               0x080004a9   Thumb Code    92  stm32f1xx_hal_adc.o(i.ADC_ConversionStop_Disable)
    ADC_Enable                               0x08000505   Thumb Code   134  stm32f1xx_hal_adc.o(i.ADC_Enable)
    BusFault_Handler                         0x08000595   Thumb Code     4  stm32f1xx_it.o(i.BusFault_Handler)
    CircleLimit                              0x08000599   Thumb Code    94  circle_limit.o(i.CircleLimit)
    ClkGetTime                               0x08000601   Thumb Code     6  mc_aux.o(i.ClkGetTime)
    ClkIncTime                               0x0800060d   Thumb Code    12  mc_aux.o(i.ClkIncTime)
    CurrentLoopVarCpy                        0x0800061d   Thumb Code    42  vofa_justfloat_engine.o(i.CurrentLoopVarCpy)
    DebugMon_Handler                         0x08000647   Thumb Code     2  stm32f1xx_it.o(i.DebugMon_Handler)
    EmCos                                    0x08000649   Thumb Code   108  em_sincos.o(i.EmCos)
    EmSin                                    0x080006b9   Thumb Code   108  em_sincos.o(i.EmSin)
    EmSvpwm                                  0x08000729   Thumb Code   624  em_svpwm.o(i.EmSvpwm)
    EncAlign                                 0x08000999   Thumb Code    26  encoder.o(i.EncAlign)
    EncCalcAngle                             0x080009b5   Thumb Code    66  encoder.o(i.EncCalcAngle)
    EncCalcSpdPos                            0x080009fd   Thumb Code   186  encoder.o(i.EncCalcSpdPos)
    EncClear                                 0x08000ab7   Thumb Code    32  encoder.o(i.EncClear)
    EncGetBuffAvgVal                         0x08000ad7   Thumb Code    82  encoder.o(i.EncGetBuffAvgVal)
    EncGetHandle                             0x08000b29   Thumb Code     4  encoder.o(i.EncGetHandle)
    EncGetTimInfo                            0x08000b31   Thumb Code    68  encoder.o(i.EncGetTimInfo)
    EncInit                                  0x08000b75   Thumb Code    44  encoder.o(i.EncInit)
    Error_Handler                            0x08000ba1   Thumb Code     6  main.o(i.Error_Handler)
    FocControler                             0x08000ba9   Thumb Code    18  mc_aux.o(i.FocControler)
    GetPhaseCurrent                          0x08000bc1   Thumb Code   152  mc_aux.o(i.GetPhaseCurrent)
    HAL_ADCEx_Calibration_Start              0x08000c7d   Thumb Code   276  stm32f1xx_hal_adc_ex.o(i.HAL_ADCEx_Calibration_Start)
    HAL_ADCEx_InjectedConfigChannel          0x08000d95   Thumb Code   584  stm32f1xx_hal_adc_ex.o(i.HAL_ADCEx_InjectedConfigChannel)
    HAL_ADCEx_InjectedStart_IT               0x08000fe9   Thumb Code   238  stm32f1xx_hal_adc_ex.o(i.HAL_ADCEx_InjectedStart_IT)
    HAL_ADC_Init                             0x080010e1   Thumb Code   314  stm32f1xx_hal_adc.o(i.HAL_ADC_Init)
    HAL_ADC_MspInit                          0x08001225   Thumb Code   210  adc.o(i.HAL_ADC_MspInit)
    HAL_DMA_Abort                            0x08001309   Thumb Code    86  stm32f1xx_hal_dma.o(i.HAL_DMA_Abort)
    HAL_DMA_Abort_IT                         0x08001361   Thumb Code   172  stm32f1xx_hal_dma.o(i.HAL_DMA_Abort_IT)
    HAL_GPIO_Init                            0x08001411   Thumb Code   766  stm32f1xx_hal_gpio.o(i.HAL_GPIO_Init)
    HAL_GPIO_ReadPin                         0x08001731   Thumb Code    16  stm32f1xx_hal_gpio.o(i.HAL_GPIO_ReadPin)
    HAL_GPIO_TogglePin                       0x08001741   Thumb Code    20  stm32f1xx_hal_gpio.o(i.HAL_GPIO_TogglePin)
    HAL_GPIO_WritePin                        0x08001755   Thumb Code    12  stm32f1xx_hal_gpio.o(i.HAL_GPIO_WritePin)
    HAL_GetTick                              0x08001761   Thumb Code     6  stm32f1xx_hal.o(i.HAL_GetTick)
    HAL_IncTick                              0x0800176d   Thumb Code    16  stm32f1xx_hal.o(i.HAL_IncTick)
    HAL_Init                                 0x08001785   Thumb Code    34  stm32f1xx_hal.o(i.HAL_Init)
    HAL_InitTick                             0x080017ad   Thumb Code    64  stm32f1xx_hal.o(i.HAL_InitTick)
    HAL_MspInit                              0x080017f9   Thumb Code    76  stm32f1xx_hal_msp.o(i.HAL_MspInit)
    HAL_NVIC_EnableIRQ                       0x0800184d   Thumb Code    32  stm32f1xx_hal_cortex.o(i.HAL_NVIC_EnableIRQ)
    HAL_NVIC_SetPriority                     0x0800186d   Thumb Code   124  stm32f1xx_hal_cortex.o(i.HAL_NVIC_SetPriority)
    HAL_NVIC_SetPriorityGrouping             0x080018e9   Thumb Code    32  stm32f1xx_hal_cortex.o(i.HAL_NVIC_SetPriorityGrouping)
    HAL_RCCEx_GetPeriphCLKFreq               0x08001911   Thumb Code   248  stm32f1xx_hal_rcc_ex.o(i.HAL_RCCEx_GetPeriphCLKFreq)
    HAL_RCCEx_PeriphCLKConfig                0x08001a29   Thumb Code   290  stm32f1xx_hal_rcc_ex.o(i.HAL_RCCEx_PeriphCLKConfig)
    HAL_RCC_ClockConfig                      0x08001b59   Thumb Code   376  stm32f1xx_hal_rcc.o(i.HAL_RCC_ClockConfig)
    HAL_RCC_GetHCLKFreq                      0x08001ce5   Thumb Code     6  stm32f1xx_hal_rcc.o(i.HAL_RCC_GetHCLKFreq)
    HAL_RCC_GetPCLK1Freq                     0x08001cf1   Thumb Code    22  stm32f1xx_hal_rcc.o(i.HAL_RCC_GetPCLK1Freq)
    HAL_RCC_GetPCLK2Freq                     0x08001d11   Thumb Code    22  stm32f1xx_hal_rcc.o(i.HAL_RCC_GetPCLK2Freq)
    HAL_RCC_GetSysClockFreq                  0x08001d31   Thumb Code   116  stm32f1xx_hal_rcc.o(i.HAL_RCC_GetSysClockFreq)
    HAL_RCC_OscConfig                        0x08001dc5   Thumb Code  1114  stm32f1xx_hal_rcc.o(i.HAL_RCC_OscConfig)
    HAL_SYSTICK_Config                       0x08002229   Thumb Code    52  stm32f1xx_hal_cortex.o(i.HAL_SYSTICK_Config)
    HAL_TIMEx_BreakCallback                  0x0800225d   Thumb Code     2  stm32f1xx_hal_tim_ex.o(i.HAL_TIMEx_BreakCallback)
    HAL_TIMEx_CommutCallback                 0x0800225f   Thumb Code     2  stm32f1xx_hal_tim_ex.o(i.HAL_TIMEx_CommutCallback)
    HAL_TIMEx_ConfigBreakDeadTime            0x08002261   Thumb Code   116  stm32f1xx_hal_tim_ex.o(i.HAL_TIMEx_ConfigBreakDeadTime)
    HAL_TIMEx_HallSensor_Init                0x080022d5   Thumb Code   234  stm32f1xx_hal_tim_ex.o(i.HAL_TIMEx_HallSensor_Init)
    HAL_TIMEx_HallSensor_MspInit             0x080023bf   Thumb Code     2  stm32f1xx_hal_tim_ex.o(i.HAL_TIMEx_HallSensor_MspInit)
    HAL_TIMEx_MasterConfigSynchronization    0x080023c1   Thumb Code   118  stm32f1xx_hal_tim_ex.o(i.HAL_TIMEx_MasterConfigSynchronization)
    HAL_TIMEx_PWMN_Start                     0x08002445   Thumb Code   182  stm32f1xx_hal_tim_ex.o(i.HAL_TIMEx_PWMN_Start)
    HAL_TIM_Base_Init                        0x08002509   Thumb Code   102  stm32f1xx_hal_tim.o(i.HAL_TIM_Base_Init)
    HAL_TIM_Base_MspInit                     0x08002571   Thumb Code   218  tim.o(i.HAL_TIM_Base_MspInit)
    HAL_TIM_Base_Start_IT                    0x08002661   Thumb Code   106  stm32f1xx_hal_tim.o(i.HAL_TIM_Base_Start_IT)
    HAL_TIM_ConfigClockSource                0x080026d9   Thumb Code   264  stm32f1xx_hal_tim.o(i.HAL_TIM_ConfigClockSource)
    HAL_TIM_Encoder_Init                     0x080027e1   Thumb Code   196  stm32f1xx_hal_tim.o(i.HAL_TIM_Encoder_Init)
    HAL_TIM_Encoder_MspInit                  0x080028a5   Thumb Code   202  tim.o(i.HAL_TIM_Encoder_MspInit)
    HAL_TIM_IC_CaptureCallback               0x08002981   Thumb Code     2  stm32f1xx_hal_tim.o(i.HAL_TIM_IC_CaptureCallback)
    HAL_TIM_IRQHandler                       0x08002983   Thumb Code   406  stm32f1xx_hal_tim.o(i.HAL_TIM_IRQHandler)
    HAL_TIM_MspPostInit                      0x08002b19   Thumb Code   122  tim.o(i.HAL_TIM_MspPostInit)
    HAL_TIM_OC_DelayElapsedCallback          0x08002ba5   Thumb Code     2  stm32f1xx_hal_tim.o(i.HAL_TIM_OC_DelayElapsedCallback)
    HAL_TIM_PWM_ConfigChannel                0x08002ba7   Thumb Code   252  stm32f1xx_hal_tim.o(i.HAL_TIM_PWM_ConfigChannel)
    HAL_TIM_PWM_Init                         0x08002ca3   Thumb Code   102  stm32f1xx_hal_tim.o(i.HAL_TIM_PWM_Init)
    HAL_TIM_PWM_MspInit                      0x08002d09   Thumb Code     2  stm32f1xx_hal_tim.o(i.HAL_TIM_PWM_MspInit)
    HAL_TIM_PWM_PulseFinishedCallback        0x08002d0b   Thumb Code     2  stm32f1xx_hal_tim.o(i.HAL_TIM_PWM_PulseFinishedCallback)
    HAL_TIM_PWM_Start                        0x08002d0d   Thumb Code   198  stm32f1xx_hal_tim.o(i.HAL_TIM_PWM_Start)
    HAL_TIM_PeriodElapsedCallback            0x08002de1   Thumb Code     2  stm32f1xx_hal_tim.o(i.HAL_TIM_PeriodElapsedCallback)
    HAL_TIM_TriggerCallback                  0x08002de3   Thumb Code     2  stm32f1xx_hal_tim.o(i.HAL_TIM_TriggerCallback)
    HAL_UARTEx_RxEventCallback               0x08002de5   Thumb Code     2  stm32f1xx_hal_uart.o(i.HAL_UARTEx_RxEventCallback)
    HAL_UART_ErrorCallback                   0x08002de7   Thumb Code     2  stm32f1xx_hal_uart.o(i.HAL_UART_ErrorCallback)
    HAL_UART_IRQHandler                      0x08002de9   Thumb Code   582  stm32f1xx_hal_uart.o(i.HAL_UART_IRQHandler)
    HAL_UART_Init                            0x08003035   Thumb Code   114  stm32f1xx_hal_uart.o(i.HAL_UART_Init)
    HAL_UART_MspInit                         0x080030a9   Thumb Code   154  usart.o(i.HAL_UART_MspInit)
    HAL_UART_RxCpltCallback                  0x08003155   Thumb Code     2  stm32f1xx_hal_uart.o(i.HAL_UART_RxCpltCallback)
    HAL_UART_Transmit                        0x08003157   Thumb Code   210  stm32f1xx_hal_uart.o(i.HAL_UART_Transmit)
    HAL_UART_TxCpltCallback                  0x08003229   Thumb Code     2  stm32f1xx_hal_uart.o(i.HAL_UART_TxCpltCallback)
    HallCalcAngle                            0x0800322b   Thumb Code    58  hall.o(i.HallCalcAngle)
    HallCalcSpdPos                           0x08003265   Thumb Code   178  hall.o(i.HallCalcSpdPos)
    HallClear                                0x08003317   Thumb Code   114  hall.o(i.HallClear)
    HallGetHandle                            0x08003389   Thumb Code     4  hall.o(i.HallGetHandle)
    HallInit                                 0x08003391   Thumb Code   100  hall.o(i.HallInit)
    HallInitElAngle                          0x080033f9   Thumb Code   192  hall.o(i.HallInitElAngle)
    HallTimCCIRQHandler                      0x080034c1   Thumb Code   624  hall.o(i.HallTimCCIRQHandler)
    HallTimUPIRQHandler                      0x0800373d   Thumb Code    20  hall.o(i.HallTimUPIRQHandler)
    HardFault_Handler                        0x08003751   Thumb Code     4  stm32f1xx_it.o(i.HardFault_Handler)
    JustfloatSendFocVar                      0x08003755   Thumb Code   100  vofa_justfloat_engine.o(i.JustfloatSendFocVar)
    KeyGetKeyValue                           0x080037c1   Thumb Code    34  key_process.o(i.KeyGetKeyValue)
    KeyObjInit                               0x080037e9   Thumb Code   218  key_read.o(i.KeyObjInit)
    KeyProcInit                              0x080038dd   Thumb Code    32  key_process.o(i.KeyProcInit)
    KeyProcess                               0x08003901   Thumb Code   244  key_process.o(i.KeyProcess)
    LedFlashing                              0x08003a61   Thumb Code    42  led.o(i.LedFlashing)
    LedFreqSet                               0x08003a99   Thumb Code     6  led.o(i.LedFreqSet)
    LedInit                                  0x08003aa5   Thumb Code    14  led.o(i.LedInit)
    MX_ADC1_Init                             0x08003abd   Thumb Code   106  adc.o(i.MX_ADC1_Init)
    MX_ADC2_Init                             0x08003b31   Thumb Code   104  adc.o(i.MX_ADC2_Init)
    MX_GPIO_Init                             0x08003ba1   Thumb Code   274  gpio.o(i.MX_GPIO_Init)
    MX_TIM1_Init                             0x08003cc5   Thumb Code   274  tim.o(i.MX_TIM1_Init)
    MX_TIM2_Init                             0x08003de1   Thumb Code   122  tim.o(i.MX_TIM2_Init)
    MX_TIM3_Init                             0x08003e61   Thumb Code   138  tim.o(i.MX_TIM3_Init)
    MX_USART1_UART_Init                      0x08003ef5   Thumb Code    44  usart.o(i.MX_USART1_UART_Init)
    McAuxInit                                0x08003f2d   Thumb Code    58  mc_aux.o(i.McAuxInit)
    McCalcOffsetVol                          0x08003f89   Thumb Code    82  mc_aux.o(i.McCalcOffsetVol)
    McDecSpdRef                              0x08003ff1   Thumb Code   114  mc_aux.o(i.McDecSpdRef)
    McGetIa                                  0x08004069   Thumb Code     8  mc_aux.o(i.McGetIa)
    McGetIb                                  0x08004075   Thumb Code     8  mc_aux.o(i.McGetIb)
    McGetId                                  0x08004081   Thumb Code     8  mc_aux.o(i.McGetId)
    McGetIq                                  0x0800408d   Thumb Code     8  mc_aux.o(i.McGetIq)
    McGetMotorStart                          0x08004099   Thumb Code     6  mc_aux.o(i.McGetMotorStart)
    McGetPosFedRad                           0x080040a5   Thumb Code    24  mc_aux.o(i.McGetPosFedRad)
    McGetPosFedS16                           0x080040c5   Thumb Code     6  mc_aux.o(i.McGetPosFedS16)
    McGetPosRefInt                           0x080040d1   Thumb Code     6  mc_aux.o(i.McGetPosRefInt)
    McGetRotateDir                           0x080040dd   Thumb Code     8  mc_aux.o(i.McGetRotateDir)
    McGetSpdFed                              0x080040e9   Thumb Code     8  mc_aux.o(i.McGetSpdFed)
    McGetSpdRef                              0x080040f5   Thumb Code     8  mc_aux.o(i.McGetSpdRef)
    McGetSysCtrlMode                         0x08004101   Thumb Code     6  mc_aux.o(i.McGetSysCtrlMode)
    McIncSpdRef                              0x0800410d   Thumb Code   128  mc_aux.o(i.McIncSpdRef)
    McKeySetSysCtrlMode                      0x08004191   Thumb Code    76  mc_aux.o(i.McKeySetSysCtrlMode)
    McSetPosRef                              0x080041e1   Thumb Code   142  mc_aux.o(i.McSetPosRef)
    McSetRotateDir                           0x08004291   Thumb Code     6  mc_aux.o(i.McSetRotateDir)
    McSetSpdRef                              0x0800429d   Thumb Code    24  mc_aux.o(i.McSetSpdRef)
    McStartMotor                             0x080042b9   Thumb Code    14  mc_aux.o(i.McStartMotor)
    McStopMotor                              0x080042cd   Thumb Code    16  mc_aux.o(i.McStopMotor)
    MemManage_Handler                        0x080042e1   Thumb Code     4  stm32f1xx_it.o(i.MemManage_Handler)
    MultiWord2sLong                          0x080042e5   Thumb Code     6  mmcs_s2f.o(i.MultiWord2sLong)
    MultiWordNeg                             0x080042eb   Thumb Code    42  mmcs_s2f.o(i.MultiWordNeg)
    MultiWordSetSignedMax                    0x08004315   Thumb Code    34  mmcs_s2f.o(i.MultiWordSetSignedMax)
    MultiWordSetSignedMin                    0x08004337   Thumb Code    32  mmcs_s2f.o(i.MultiWordSetSignedMin)
    NMI_Handler                              0x08004357   Thumb Code     4  stm32f1xx_it.o(i.NMI_Handler)
    OcDetectExec                             0x0800435b   Thumb Code   166  over_current_detect.o(i.OcDetectExec)
    OcDetectGetHandle                        0x08004401   Thumb Code     4  over_current_detect.o(i.OcDetectGetHandle)
    OcDetectInit                             0x08004409   Thumb Code    20  over_current_detect.o(i.OcDetectInit)
    PWMLowSideOn                             0x0800441d   Thumb Code    96  mc_aux.o(i.PWMLowSideOn)
    PendSV_Handler                           0x08004481   Thumb Code     2  stm32f1xx_it.o(i.PendSV_Handler)
    PosCtrPlan                               0x08004485   Thumb Code   274  trajectory_ctrl.o(i.PosCtrPlan)
    PosCtrPlanExec                           0x080045ad   Thumb Code   326  trajectory_ctrl.o(i.PosCtrPlanExec)
    PosCtrlInit                              0x080046f5   Thumb Code    52  trajectory_ctrl.o(i.PosCtrlInit)
    PosLoopVarCpy                            0x0800472d   Thumb Code    68  vofa_justfloat_engine.o(i.PosLoopVarCpy)
    PwmTimStart                              0x08004771   Thumb Code    82  mc_aux.o(i.PwmTimStart)
    ReadGroupKey                             0x080047f5   Thumb Code    58  key_read.o(i.ReadGroupKey)
    ReadOneKey                               0x0800482f   Thumb Code    80  key_read.o(i.ReadOneKey)
    SVC_Handler                              0x0800487f   Thumb Code     2  stm32f1xx_it.o(i.SVC_Handler)
    SensorAlign                              0x08004881   Thumb Code    22  spd_sensor.o(i.SensorAlign)
    SensorCalcAngle                          0x08004897   Thumb Code    46  spd_sensor.o(i.SensorCalcAngle)
    SensorCalcSpdPos                         0x080048c5   Thumb Code    54  spd_sensor.o(i.SensorCalcSpdPos)
    SensorClear                              0x080048fb   Thumb Code    38  spd_sensor.o(i.SensorClear)
    SensorInit                               0x08004921   Thumb Code    38  spd_sensor.o(i.SensorInit)
    SetTim1CCRX                              0x08004949   Thumb Code    26  mc_aux.o(i.SetTim1CCRX)
    SpdLoopVarCpy                            0x0800496d   Thumb Code    42  vofa_justfloat_engine.o(i.SpdLoopVarCpy)
    StmSwitchAction                          0x08004999   Thumb Code   110  mc_aux.o(i.StmSwitchAction)
    SysTick_Handler                          0x08004a15   Thumb Code    36  stm32f1xx_it.o(i.SysTick_Handler)
    SystemClock_Config                       0x08004a41   Thumb Code   132  main.o(i.SystemClock_Config)
    SystemInit                               0x08004ac5   Thumb Code     2  system_stm32f1xx.o(i.SystemInit)
    SystickConfig                            0x08004ac7   Thumb Code    22  mc_aux.o(i.SystickConfig)
    TIM1_UP_IRQHandler                       0x08004add   Thumb Code    20  stm32f1xx_it.o(i.TIM1_UP_IRQHandler)
    TIM2_IRQHandler                          0x08004af5   Thumb Code    10  stm32f1xx_it.o(i.TIM2_IRQHandler)
    TIM3_IRQHandler                          0x08004b05   Thumb Code    60  stm32f1xx_it.o(i.TIM3_IRQHandler)
    TIM_Base_SetConfig                       0x08004b45   Thumb Code   104  stm32f1xx_hal_tim.o(i.TIM_Base_SetConfig)
    TIM_CCxChannelCmd                        0x08004bb9   Thumb Code    34  stm32f1xx_hal_tim.o(i.TIM_CCxChannelCmd)
    TIM_ETR_SetConfig                        0x08004bfd   Thumb Code    22  stm32f1xx_hal_tim.o(i.TIM_ETR_SetConfig)
    TIM_OC2_SetConfig                        0x08004c85   Thumb Code   100  stm32f1xx_hal_tim.o(i.TIM_OC2_SetConfig)
    TIM_TI1_SetConfig                        0x08004dc5   Thumb Code    90  stm32f1xx_hal_tim.o(i.TIM_TI1_SetConfig)
    TIMx_UP_IRQHandler                       0x08004e55   Thumb Code    50  mc_aux.o(i.TIMx_UP_IRQHandler)
    TurnOffPWM                               0x08004e95   Thumb Code    58  mc_aux.o(i.TurnOffPWM)
    TurnOnPWM                                0x08004ed5   Thumb Code   102  mc_aux.o(i.TurnOnPWM)
    USART1_IRQHandler                        0x08005259   Thumb Code    10  stm32f1xx_it.o(i.USART1_IRQHandler)
    UsageFault_Handler                       0x08005269   Thumb Code     4  stm32f1xx_it.o(i.UsageFault_Handler)
    __mathlib_flt_invalid                    0x080052a5   Thumb Code     8  funder.o(i.__mathlib_flt_invalid)
    ceil                                     0x080052ad   Thumb Code   204  ceil.o(i.ceil)
    div_s16s32                               0x08005389   Thumb Code    74  mmcs_s2f.o(i.div_s16s32)
    div_s32                                  0x080053d9   Thumb Code    74  mmcs_s2f.o(i.div_s32)
    floor                                    0x08005425   Thumb Code   204  floor.o(i.floor)
    fmodf                                    0x08005501   Thumb Code   108  fmodf.o(i.fmodf)
    main                                     0x0800556d   Thumb Code   106  main.o(i.main)
    mmcs_s2f_AntiPark                        0x080055d9   Thumb Code   190  antipark.o(i.mmcs_s2f_AntiPark)
    mmcs_s2f_Clark                           0x0800569d   Thumb Code   108  clark.o(i.mmcs_s2f_Clark)
    mmcs_s2f_CurrentLoop                     0x0800570d   Thumb Code  1336  currentloop.o(i.mmcs_s2f_CurrentLoop)
    mmcs_s2f_CurrentLoop_Init                0x08005c49   Thumb Code     8  currentloop.o(i.mmcs_s2f_CurrentLoop_Init)
    mmcs_s2f_HFTask                          0x08005c51   Thumb Code   680  hftask.o(i.mmcs_s2f_HFTask)
    mmcs_s2f_HFTask_Init                     0x08005f1d   Thumb Code    30  hftask.o(i.mmcs_s2f_HFTask_Init)
    mmcs_s2f_MFTask                          0x08005f3d   Thumb Code  3720  mftask.o(i.mmcs_s2f_MFTask)
    mmcs_s2f_MFTask_Init                     0x08006dd1   Thumb Code    34  mftask.o(i.mmcs_s2f_MFTask_Init)
    mmcs_s2f_ObserverPLL                     0x08006df5   Thumb Code  1216  observerpll.o(i.mmcs_s2f_ObserverPLL)
    mmcs_s2f_ObserverPLL_Init                0x080072b5   Thumb Code    12  observerpll.o(i.mmcs_s2f_ObserverPLL_Init)
    mmcs_s2f_ObserverPLL_Update              0x080072c1   Thumb Code   154  observerpll.o(i.mmcs_s2f_ObserverPLL_Update)
    mmcs_s2f_Park                            0x08007369   Thumb Code   190  park.o(i.mmcs_s2f_Park)
    mmcs_s2f_SpeedConvert                    0x0800742d   Thumb Code   264  speedconvert.o(i.mmcs_s2f_SpeedConvert)
    mmcs_s2f_SpeedConvert_Init               0x08007541   Thumb Code    10  speedconvert.o(i.mmcs_s2f_SpeedConvert_Init)
    mmcs_s2f_initialize                      0x08007551   Thumb Code    74  mmcs_s2f.o(i.mmcs_s2f_initialize)
    mmcs_s2f_step0                           0x080075cd   Thumb Code   186  mmcs_s2f.o(i.mmcs_s2f_step0)
    mmcs_s2f_step1                           0x080076ad   Thumb Code   258  mmcs_s2f.o(i.mmcs_s2f_step1)
    mul_s32_hiSR_zero                        0x080077e9   Thumb Code    56  mmcs_s2f.o(i.mul_s32_hiSR_zero)
    mul_s32_loSR_sat_zero                    0x08007821   Thumb Code   146  mmcs_s2f.o(i.mul_s32_loSR_sat_zero)
    mul_s32_loSR_zero                        0x080078b3   Thumb Code    66  mmcs_s2f.o(i.mul_s32_loSR_zero)
    mul_s32_sat                              0x080078f5   Thumb Code    76  mmcs_s2f.o(i.mul_s32_sat)
    mul_wide_s32                             0x08007941   Thumb Code   164  mmcs_s2f.o(i.mul_wide_s32)
    rtGetInf                                 0x080079e5   Thumb Code    50  rtgetinf.o(i.rtGetInf)
    rtGetInfF                                0x08007a1d   Thumb Code    12  rtgetinf.o(i.rtGetInfF)
    rtGetMinusInf                            0x08007a29   Thumb Code    50  rtgetinf.o(i.rtGetMinusInf)
    rtGetMinusInfF                           0x08007a61   Thumb Code    10  rtgetinf.o(i.rtGetMinusInfF)
    rtGetNaN                                 0x08007a71   Thumb Code    50  rtgetnan.o(i.rtGetNaN)
    rtGetNaNF                                0x08007aa9   Thumb Code    14  rtgetnan.o(i.rtGetNaNF)
    rtIsInfF                                 0x08007abd   Thumb Code    36  rt_nonfinite.o(i.rtIsInfF)
    rtIsNaNF                                 0x08007ae9   Thumb Code    34  rt_nonfinite.o(i.rtIsNaNF)
    rt_InitInfAndNaN                         0x08007b0d   Thumb Code    54  rt_nonfinite.o(i.rt_InitInfAndNaN)
    rt_roundd_snf                            0x08007b5d   Thumb Code   132  speedconvert.o(i.rt_roundd_snf)
    sLong2MultiWord                          0x08007bed   Thumb Code    24  mmcs_s2f.o(i.sLong2MultiWord)
    sMultiWord2MultiWord                     0x08007c05   Thumb Code    78  mmcs_s2f.o(i.sMultiWord2MultiWord)
    sMultiWordDivZero                        0x08007c53   Thumb Code   176  mmcs_s2f.o(i.sMultiWordDivZero)
    ssuMultiWordMul                          0x08007d03   Thumb Code   362  mmcs_s2f.o(i.ssuMultiWordMul)
    truncf                                   0x08007e6d   Thumb Code    82  truncf.o(i.truncf)
    uMultiWordDiv                            0x08007ebf   Thumb Code  1376  mmcs_s2f.o(i.uMultiWordDiv)
    __aeabi_d2f                              0x08008421   Thumb Code     0  d2f.o(x$fpl$d2f)
    _d2f                                     0x08008421   Thumb Code    98  d2f.o(x$fpl$d2f)
    __aeabi_dadd                             0x08008485   Thumb Code     0  daddsub_clz.o(x$fpl$dadd)
    _dadd                                    0x08008485   Thumb Code   332  daddsub_clz.o(x$fpl$dadd)
    __fpl_dcmp_Inf                           0x080085d5   Thumb Code    24  dcmpi.o(x$fpl$dcmpinf)
    __aeabi_ddiv                             0x080085ed   Thumb Code     0  ddiv.o(x$fpl$ddiv)
    _ddiv                                    0x080085ed   Thumb Code   552  ddiv.o(x$fpl$ddiv)
    __aeabi_d2iz                             0x0800889d   Thumb Code     0  dfix.o(x$fpl$dfix)
    _dfix                                    0x0800889d   Thumb Code    94  dfix.o(x$fpl$dfix)
    __aeabi_i2d                              0x080088fb   Thumb Code     0  dflt_clz.o(x$fpl$dflt)
    _dflt                                    0x080088fb   Thumb Code    46  dflt_clz.o(x$fpl$dflt)
    __aeabi_cdcmple                          0x08008929   Thumb Code     0  dleqf.o(x$fpl$dleqf)
    _dcmple                                  0x08008929   Thumb Code   120  dleqf.o(x$fpl$dleqf)
    __fpl_dcmple_InfNaN                      0x0800898b   Thumb Code     0  dleqf.o(x$fpl$dleqf)
    __aeabi_dmul                             0x080089a1   Thumb Code     0  dmul.o(x$fpl$dmul)
    _dmul                                    0x080089a1   Thumb Code   332  dmul.o(x$fpl$dmul)
    __fpl_dnaninf                            0x08008af5   Thumb Code   156  dnaninf.o(x$fpl$dnaninf)
    __fpl_dretinf                            0x08008b91   Thumb Code    12  dretinf.o(x$fpl$dretinf)
    __aeabi_cdrcmple                         0x08008b9d   Thumb Code     0  drleqf.o(x$fpl$drleqf)
    _drcmple                                 0x08008b9d   Thumb Code   108  drleqf.o(x$fpl$drleqf)
    __aeabi_drsub                            0x08008c09   Thumb Code     0  daddsub_clz.o(x$fpl$drsb)
    _drsb                                    0x08008c09   Thumb Code    22  daddsub_clz.o(x$fpl$drsb)
    __aeabi_dsub                             0x08008c21   Thumb Code     0  daddsub_clz.o(x$fpl$dsub)
    _dsub                                    0x08008c21   Thumb Code   464  daddsub_clz.o(x$fpl$dsub)
    __aeabi_f2d                              0x08008df5   Thumb Code     0  f2d.o(x$fpl$f2d)
    _f2d                                     0x08008df5   Thumb Code    86  f2d.o(x$fpl$f2d)
    __aeabi_fadd                             0x08008e4d   Thumb Code     0  faddsub_clz.o(x$fpl$fadd)
    _fadd                                    0x08008e4d   Thumb Code   196  faddsub_clz.o(x$fpl$fadd)
    __fpl_fcmp_Inf                           0x08008f11   Thumb Code    24  fcmpi.o(x$fpl$fcmpinf)
    __aeabi_fdiv                             0x08008f29   Thumb Code     0  fdiv.o(x$fpl$fdiv)
    _fdiv                                    0x08008f29   Thumb Code   384  fdiv.o(x$fpl$fdiv)
    __aeabi_cfcmpeq                          0x080090ad   Thumb Code     0  feqf.o(x$fpl$feqf)
    _fcmpeq                                  0x080090ad   Thumb Code   104  feqf.o(x$fpl$feqf)
    __aeabi_f2iz                             0x08009115   Thumb Code     0  ffix.o(x$fpl$ffix)
    _ffix                                    0x08009115   Thumb Code    54  ffix.o(x$fpl$ffix)
    __aeabi_f2uiz                            0x0800914d   Thumb Code     0  ffixu.o(x$fpl$ffixu)
    _ffixu                                   0x0800914d   Thumb Code    62  ffixu.o(x$fpl$ffixu)
    __aeabi_i2f                              0x0800918d   Thumb Code     0  fflt_clz.o(x$fpl$fflt)
    _fflt                                    0x0800918d   Thumb Code    48  fflt_clz.o(x$fpl$fflt)
    __aeabi_cfcmple                          0x080091bd   Thumb Code     0  fleqf.o(x$fpl$fleqf)
    _fcmple                                  0x080091bd   Thumb Code   104  fleqf.o(x$fpl$fleqf)
    __fpl_fcmple_InfNaN                      0x0800920f   Thumb Code     0  fleqf.o(x$fpl$fleqf)
    __aeabi_fmul                             0x08009225   Thumb Code     0  fmul.o(x$fpl$fmul)
    _fmul                                    0x08009225   Thumb Code   258  fmul.o(x$fpl$fmul)
    __fpl_fnaninf                            0x08009327   Thumb Code   140  fnaninf.o(x$fpl$fnaninf)
    _frem                                    0x080093b5   Thumb Code   240  frem_clz.o(x$fpl$frem)
    __fpl_fretinf                            0x080094a9   Thumb Code    10  fretinf.o(x$fpl$fretinf)
    __aeabi_cfrcmple                         0x080094b3   Thumb Code     0  frleqf.o(x$fpl$frleqf)
    _frcmple                                 0x080094b3   Thumb Code    98  frleqf.o(x$fpl$frleqf)
    _frnd                                    0x08009515   Thumb Code    96  frnd.o(x$fpl$frnd)
    __aeabi_frsub                            0x08009575   Thumb Code     0  faddsub_clz.o(x$fpl$frsb)
    _frsb                                    0x08009575   Thumb Code    20  faddsub_clz.o(x$fpl$frsb)
    __aeabi_fsub                             0x08009589   Thumb Code     0  faddsub_clz.o(x$fpl$fsub)
    _fsub                                    0x08009589   Thumb Code   234  faddsub_clz.o(x$fpl$fsub)
    MMITABLE                                 0x08009672   Data         134  circle_limit.o(.constdata)
    __I$use$fp                               0x08009672   Number         0  usenofp.o(x$fpl$usenofp)
    hSin_Cos_Table                           0x080096f8   Data         512  em_sincos.o(.constdata)
    AHBPrescTable                            0x080098f8   Data          16  system_stm32f1xx.o(.constdata)
    APBPrescTable                            0x08009908   Data           8  system_stm32f1xx.o(.constdata)
    Region$$Table$$Base                      0x08009910   Number         0  anon$$obj.o(Region$$Table)
    Region$$Table$$Limit                     0x08009930   Number         0  anon$$obj.o(Region$$Table)
    motor_start                              0x20000000   Data           1  mmcs_s2f.o(.data)
    sys_ctrl_mode                            0x20000001   Data           1  mmcs_s2f.o(.data)
    spd_ref                                  0x20000002   Data           2  mmcs_s2f.o(.data)
    pos_ref                                  0x20000004   Data           4  mmcs_s2f.o(.data)
    move_duration                            0x20000008   Data           4  mmcs_s2f.o(.data)
    iab_adc                                  0x2000000c   Data           4  mmcs_s2f.o(.data)
    spd_sensor                               0x20000010   Data           2  mmcs_s2f.o(.data)
    theta_sensor                             0x20000012   Data           2  mmcs_s2f.o(.data)
    pos_fed                                  0x20000014   Data           4  mmcs_s2f.o(.data)
    mcu_ccrx                                 0x20000018   Data           6  mmcs_s2f.o(.data)
    spd_fed                                  0x2000001e   Data           2  mmcs_s2f.o(.data)
    id_ref                                   0x20000020   Data           2  mmcs_s2f.o(.data)
    iq_ref                                   0x20000022   Data           2  mmcs_s2f.o(.data)
    w_dot                                    0x20000024   Data           2  mmcs_s2f.o(.data)
    stm_state                                0x20000026   Data           1  mmcs_s2f.o(.data)
    ct_ctrl_mode                             0x20000027   Data           1  mmcs_s2f.o(.data)
    pos_ref_int                              0x20000028   Data           4  mmcs_s2f.o(.data)
    i_alpha_dot                              0x2000002c   Data           4  mmcs_s2f.o(.data)
    i_beta_dot                               0x20000030   Data           4  mmcs_s2f.o(.data)
    theta_e                                  0x20000034   Data           2  mmcs_s2f.o(.data)
    i_alpha                                  0x20000036   Data           2  mmcs_s2f.o(.data)
    i_beta                                   0x20000038   Data           2  mmcs_s2f.o(.data)
    u_alpha                                  0x2000003a   Data           2  mmcs_s2f.o(.data)
    u_beta                                   0x2000003c   Data           2  mmcs_s2f.o(.data)
    e_alpha_dot                              0x20000040   Data           4  mmcs_s2f.o(.data)
    e_beta_dot                               0x20000044   Data           4  mmcs_s2f.o(.data)
    ia                                       0x20000048   Data           2  mmcs_s2f.o(.data)
    ib                                       0x2000004a   Data           2  mmcs_s2f.o(.data)
    id                                       0x2000004c   Data           2  mmcs_s2f.o(.data)
    id_err                                   0x2000004e   Data           2  mmcs_s2f.o(.data)
    iq                                       0x20000050   Data           2  mmcs_s2f.o(.data)
    iq_err                                   0x20000052   Data           2  mmcs_s2f.o(.data)
    ud                                       0x20000054   Data           2  mmcs_s2f.o(.data)
    uq                                       0x20000056   Data           2  mmcs_s2f.o(.data)
    mmcs_s2f_PrevZCX                         0x20000058   Data           1  mmcs_s2f.o(.data)
    rtInf                                    0x20000060   Data           8  rt_nonfinite.o(.data)
    rtMinusInf                               0x20000068   Data           8  rt_nonfinite.o(.data)
    rtNaN                                    0x20000070   Data           8  rt_nonfinite.o(.data)
    rtInfF                                   0x20000078   Data           4  rt_nonfinite.o(.data)
    rtMinusInfF                              0x2000007c   Data           4  rt_nonfinite.o(.data)
    rtNaNF                                   0x20000080   Data           4  rt_nonfinite.o(.data)
    keyobj_group                             0x20000084   Data          60  key_process.o(.data)
    adc_eoc                                  0x200000c4   Data           1  mc_aux.o(.data)
    ia_adc_ori                               0x200000c6   Data           2  mc_aux.o(.data)
    ib_adc_ori                               0x200000c8   Data           2  mc_aux.o(.data)
    ia_offset                                0x200000cc   Data           4  mc_aux.o(.data)
    ib_offset                                0x200000d0   Data           4  mc_aux.o(.data)
    rotate_dir                               0x200000d4   Data           1  mc_aux.o(.data)
    uwTick                                   0x200000e0   Data           4  stm32f1xx_hal.o(.data)
    uwTickPrio                               0x200000e4   Data           4  stm32f1xx_hal.o(.data)
    uwTickFreq                               0x200000e8   Data           1  stm32f1xx_hal.o(.data)
    SystemCoreClock                          0x200000ec   Data           4  system_stm32f1xx.o(.data)
    mmcs_s2f_B                               0x200000f0   Data        1228  mmcs_s2f.o(.bss)
    mmcs_s2f_DW                              0x200005c0   Data         272  mmcs_s2f.o(.bss)
    hall_handle                              0x200006d0   Data         108  hall.o(.bss)
    enc_handle                               0x20000740   Data         120  encoder.o(.bss)
    oc_detect_handle                         0x200007b8   Data          12  over_current_detect.o(.bss)
    hadc1                                    0x200007c4   Data          48  adc.o(.bss)
    hadc2                                    0x200007f4   Data          48  adc.o(.bss)
    htim1                                    0x20000824   Data          72  tim.o(.bss)
    htim2                                    0x2000086c   Data          72  tim.o(.bss)
    htim3                                    0x200008b4   Data          72  tim.o(.bss)
    huart1                                   0x200008fc   Data          68  usart.o(.bss)
    __libspace_start                         0x20000940   Data          96  libspace.o(.bss)
    __temporary_stack_top$libspace           0x200009a0   Data           0  libspace.o(.bss)



==============================================================================

Memory Map of the image

  Image Entry point : 0x080000ed

  Load Region LR_IROM1 (Base: 0x08000000, Size: 0x00009a20, Max: 0x00010000, ABSOLUTE)

    Execution Region ER_IROM1 (Exec base: 0x08000000, Load base: 0x08000000, Size: 0x00009930, Max: 0x00010000, ABSOLUTE)

    Exec Addr    Load Addr    Size         Type   Attr      Idx    E Section Name        Object

    0x08000000   0x08000000   0x000000ec   Data   RO            3    RESET               startup_stm32f103xb.o
    0x080000ec   0x080000ec   0x00000008   Code   RO         4682  * !!!main             c_w.l(__main.o)
    0x080000f4   0x080000f4   0x00000034   Code   RO         4981    !!!scatter          c_w.l(__scatter.o)
    0x08000128   0x08000128   0x0000001a   Code   RO         4983    !!handler_copy      c_w.l(__scatter_copy.o)
    0x08000142   0x08000142   0x00000002   PAD
    0x08000144   0x08000144   0x0000001c   Code   RO         4985    !!handler_zi        c_w.l(__scatter_zi.o)
    0x08000160   0x08000160   0x00000002   Code   RO         4842    .ARM.Collect$$libinit$$00000000  c_w.l(libinit.o)
    0x08000162   0x08000162   0x00000000   Code   RO         4852    .ARM.Collect$$libinit$$00000002  c_w.l(libinit2.o)
    0x08000162   0x08000162   0x00000000   Code   RO         4854    .ARM.Collect$$libinit$$00000004  c_w.l(libinit2.o)
    0x08000162   0x08000162   0x00000000   Code   RO         4857    .ARM.Collect$$libinit$$0000000A  c_w.l(libinit2.o)
    0x08000162   0x08000162   0x00000000   Code   RO         4859    .ARM.Collect$$libinit$$0000000C  c_w.l(libinit2.o)
    0x08000162   0x08000162   0x00000000   Code   RO         4861    .ARM.Collect$$libinit$$0000000E  c_w.l(libinit2.o)
    0x08000162   0x08000162   0x00000000   Code   RO         4864    .ARM.Collect$$libinit$$00000011  c_w.l(libinit2.o)
    0x08000162   0x08000162   0x00000000   Code   RO         4866    .ARM.Collect$$libinit$$00000013  c_w.l(libinit2.o)
    0x08000162   0x08000162   0x00000000   Code   RO         4868    .ARM.Collect$$libinit$$00000015  c_w.l(libinit2.o)
    0x08000162   0x08000162   0x00000000   Code   RO         4870    .ARM.Collect$$libinit$$00000017  c_w.l(libinit2.o)
    0x08000162   0x08000162   0x00000000   Code   RO         4872    .ARM.Collect$$libinit$$00000019  c_w.l(libinit2.o)
    0x08000162   0x08000162   0x00000000   Code   RO         4874    .ARM.Collect$$libinit$$0000001B  c_w.l(libinit2.o)
    0x08000162   0x08000162   0x00000000   Code   RO         4876    .ARM.Collect$$libinit$$0000001D  c_w.l(libinit2.o)
    0x08000162   0x08000162   0x00000000   Code   RO         4878    .ARM.Collect$$libinit$$0000001F  c_w.l(libinit2.o)
    0x08000162   0x08000162   0x00000000   Code   RO         4880    .ARM.Collect$$libinit$$00000021  c_w.l(libinit2.o)
    0x08000162   0x08000162   0x00000000   Code   RO         4882    .ARM.Collect$$libinit$$00000023  c_w.l(libinit2.o)
    0x08000162   0x08000162   0x00000000   Code   RO         4884    .ARM.Collect$$libinit$$00000025  c_w.l(libinit2.o)
    0x08000162   0x08000162   0x00000000   Code   RO         4888    .ARM.Collect$$libinit$$0000002C  c_w.l(libinit2.o)
    0x08000162   0x08000162   0x00000000   Code   RO         4890    .ARM.Collect$$libinit$$0000002E  c_w.l(libinit2.o)
    0x08000162   0x08000162   0x00000000   Code   RO         4892    .ARM.Collect$$libinit$$00000030  c_w.l(libinit2.o)
    0x08000162   0x08000162   0x00000000   Code   RO         4894    .ARM.Collect$$libinit$$00000032  c_w.l(libinit2.o)
    0x08000162   0x08000162   0x00000002   Code   RO         4895    .ARM.Collect$$libinit$$00000033  c_w.l(libinit2.o)
    0x08000164   0x08000164   0x00000002   Code   RO         4929    .ARM.Collect$$libshutdown$$00000000  c_w.l(libshutdown.o)
    0x08000166   0x08000166   0x00000000   Code   RO         4946    .ARM.Collect$$libshutdown$$00000002  c_w.l(libshutdown2.o)
    0x08000166   0x08000166   0x00000000   Code   RO         4948    .ARM.Collect$$libshutdown$$00000004  c_w.l(libshutdown2.o)
    0x08000166   0x08000166   0x00000000   Code   RO         4950    .ARM.Collect$$libshutdown$$00000006  c_w.l(libshutdown2.o)
    0x08000166   0x08000166   0x00000000   Code   RO         4953    .ARM.Collect$$libshutdown$$00000009  c_w.l(libshutdown2.o)
    0x08000166   0x08000166   0x00000000   Code   RO         4956    .ARM.Collect$$libshutdown$$0000000C  c_w.l(libshutdown2.o)
    0x08000166   0x08000166   0x00000000   Code   RO         4958    .ARM.Collect$$libshutdown$$0000000E  c_w.l(libshutdown2.o)
    0x08000166   0x08000166   0x00000000   Code   RO         4961    .ARM.Collect$$libshutdown$$00000011  c_w.l(libshutdown2.o)
    0x08000166   0x08000166   0x00000002   Code   RO         4962    .ARM.Collect$$libshutdown$$00000012  c_w.l(libshutdown2.o)
    0x08000168   0x08000168   0x00000000   Code   RO         4766    .ARM.Collect$$rtentry$$00000000  c_w.l(__rtentry.o)
    0x08000168   0x08000168   0x00000000   Code   RO         4803    .ARM.Collect$$rtentry$$00000002  c_w.l(__rtentry2.o)
    0x08000168   0x08000168   0x00000006   Code   RO         4815    .ARM.Collect$$rtentry$$00000004  c_w.l(__rtentry4.o)
    0x0800016e   0x0800016e   0x00000000   Code   RO         4805    .ARM.Collect$$rtentry$$00000009  c_w.l(__rtentry2.o)
    0x0800016e   0x0800016e   0x00000004   Code   RO         4806    .ARM.Collect$$rtentry$$0000000A  c_w.l(__rtentry2.o)
    0x08000172   0x08000172   0x00000000   Code   RO         4808    .ARM.Collect$$rtentry$$0000000C  c_w.l(__rtentry2.o)
    0x08000172   0x08000172   0x00000008   Code   RO         4809    .ARM.Collect$$rtentry$$0000000D  c_w.l(__rtentry2.o)
    0x0800017a   0x0800017a   0x00000002   Code   RO         4845    .ARM.Collect$$rtexit$$00000000  c_w.l(rtexit.o)
    0x0800017c   0x0800017c   0x00000000   Code   RO         4899    .ARM.Collect$$rtexit$$00000002  c_w.l(rtexit2.o)
    0x0800017c   0x0800017c   0x00000004   Code   RO         4900    .ARM.Collect$$rtexit$$00000003  c_w.l(rtexit2.o)
    0x08000180   0x08000180   0x00000006   Code   RO         4901    .ARM.Collect$$rtexit$$00000004  c_w.l(rtexit2.o)
    0x08000186   0x08000186   0x00000002   PAD
    0x08000188   0x08000188   0x00000040   Code   RO            4    .text               startup_stm32f103xb.o
    0x080001c8   0x080001c8   0x00000048   Code   RO         4674    .text               c_w.l(llsdiv.o)
    0x08000210   0x08000210   0x00000064   Code   RO         4676    .text               c_w.l(rt_memcpy_w.o)
    0x08000274   0x08000274   0x0000004e   Code   RO         4678    .text               c_w.l(rt_memclr_w.o)
    0x080002c2   0x080002c2   0x00000006   Code   RO         4680    .text               c_w.l(heapauxi.o)
    0x080002c8   0x080002c8   0x000000ee   Code   RO         4767    .text               c_w.l(lludivv7m.o)
    0x080003b6   0x080003b6   0x00000016   Code   RO         4769    .text               c_w.l(_rserrno.o)
    0x080003cc   0x080003cc   0x00000008   Code   RO         4824    .text               c_w.l(rt_errno_addr_intlibspace.o)
    0x080003d4   0x080003d4   0x00000008   Code   RO         4828    .text               c_w.l(libspace.o)
    0x080003dc   0x080003dc   0x0000004a   Code   RO         4831    .text               c_w.l(sys_stackheap_outer.o)
    0x08000426   0x08000426   0x00000012   Code   RO         4835    .text               c_w.l(exit.o)
    0x08000438   0x08000438   0x0000000c   Code   RO         4917    .text               c_w.l(sys_exit.o)
    0x08000444   0x08000444   0x00000002   Code   RO         4934    .text               c_w.l(use_no_semi.o)
    0x08000446   0x08000446   0x00000000   Code   RO         4936    .text               c_w.l(indicate_semi.o)
    0x08000446   0x08000446   0x00000002   PAD
    0x08000448   0x08000448   0x0000001c   Code   RO         1796    i.ADC1_2_IRQHandler  stm32f1xx_it.o
    0x08000464   0x08000464   0x00000044   Code   RO          870    i.ADC1_Start_IT     mc_aux.o
    0x080004a8   0x080004a8   0x0000005c   Code   RO         2003    i.ADC_ConversionStop_Disable  stm32f1xx_hal_adc.o
    0x08000504   0x08000504   0x00000090   Code   RO         2007    i.ADC_Enable        stm32f1xx_hal_adc.o
    0x08000594   0x08000594   0x00000004   Code   RO         1797    i.BusFault_Handler  stm32f1xx_it.o
    0x08000598   0x08000598   0x00000068   Code   RO          101    i.CircleLimit       circle_limit.o
    0x08000600   0x08000600   0x0000000c   Code   RO          871    i.ClkGetTime        mc_aux.o
    0x0800060c   0x0800060c   0x00000010   Code   RO          872    i.ClkIncTime        mc_aux.o
    0x0800061c   0x0800061c   0x0000002a   Code   RO         1250    i.CurrentLoopVarCpy  vofa_justfloat_engine.o
    0x08000646   0x08000646   0x00000002   Code   RO         1798    i.DebugMon_Handler  stm32f1xx_it.o
    0x08000648   0x08000648   0x00000070   Code   RO          147    i.EmCos             em_sincos.o
    0x080006b8   0x080006b8   0x00000070   Code   RO          148    i.EmSin             em_sincos.o
    0x08000728   0x08000728   0x00000270   Code   RO          168    i.EmSvpwm           em_svpwm.o
    0x08000998   0x08000998   0x0000001a   Code   RO         1402    i.EncAlign          encoder.o
    0x080009b2   0x080009b2   0x00000002   PAD
    0x080009b4   0x080009b4   0x00000048   Code   RO         1403    i.EncCalcAngle      encoder.o
    0x080009fc   0x080009fc   0x000000ba   Code   RO         1404    i.EncCalcSpdPos     encoder.o
    0x08000ab6   0x08000ab6   0x00000020   Code   RO         1405    i.EncClear          encoder.o
    0x08000ad6   0x08000ad6   0x00000052   Code   RO         1406    i.EncGetBuffAvgVal  encoder.o
    0x08000b28   0x08000b28   0x00000008   Code   RO         1407    i.EncGetHandle      encoder.o
    0x08000b30   0x08000b30   0x00000044   Code   RO         1408    i.EncGetTimInfo     encoder.o
    0x08000b74   0x08000b74   0x0000002c   Code   RO         1409    i.EncInit           encoder.o
    0x08000ba0   0x08000ba0   0x00000006   Code   RO         1568    i.Error_Handler     main.o
    0x08000ba6   0x08000ba6   0x00000002   PAD
    0x08000ba8   0x08000ba8   0x00000018   Code   RO          873    i.FocControler      mc_aux.o
    0x08000bc0   0x08000bc0   0x000000bc   Code   RO          874    i.GetPhaseCurrent   mc_aux.o
    0x08000c7c   0x08000c7c   0x00000118   Code   RO         2183    i.HAL_ADCEx_Calibration_Start  stm32f1xx_hal_adc_ex.o
    0x08000d94   0x08000d94   0x00000254   Code   RO         2184    i.HAL_ADCEx_InjectedConfigChannel  stm32f1xx_hal_adc_ex.o
    0x08000fe8   0x08000fe8   0x000000f8   Code   RO         2189    i.HAL_ADCEx_InjectedStart_IT  stm32f1xx_hal_adc_ex.o
    0x080010e0   0x080010e0   0x00000144   Code   RO         2018    i.HAL_ADC_Init      stm32f1xx_hal_adc.o
    0x08001224   0x08001224   0x000000e4   Code   RO         1635    i.HAL_ADC_MspInit   adc.o
    0x08001308   0x08001308   0x00000056   Code   RO         2663    i.HAL_DMA_Abort     stm32f1xx_hal_dma.o
    0x0800135e   0x0800135e   0x00000002   PAD
    0x08001360   0x08001360   0x000000b0   Code   RO         2664    i.HAL_DMA_Abort_IT  stm32f1xx_hal_dma.o
    0x08001410   0x08001410   0x00000320   Code   RO         2599    i.HAL_GPIO_Init     stm32f1xx_hal_gpio.o
    0x08001730   0x08001730   0x00000010   Code   RO         2601    i.HAL_GPIO_ReadPin  stm32f1xx_hal_gpio.o
    0x08001740   0x08001740   0x00000014   Code   RO         2602    i.HAL_GPIO_TogglePin  stm32f1xx_hal_gpio.o
    0x08001754   0x08001754   0x0000000c   Code   RO         2603    i.HAL_GPIO_WritePin  stm32f1xx_hal_gpio.o
    0x08001760   0x08001760   0x0000000c   Code   RO         2290    i.HAL_GetTick       stm32f1xx_hal.o
    0x0800176c   0x0800176c   0x00000018   Code   RO         2296    i.HAL_IncTick       stm32f1xx_hal.o
    0x08001784   0x08001784   0x00000028   Code   RO         2297    i.HAL_Init          stm32f1xx_hal.o
    0x080017ac   0x080017ac   0x0000004c   Code   RO         2298    i.HAL_InitTick      stm32f1xx_hal.o
    0x080017f8   0x080017f8   0x00000054   Code   RO         1912    i.HAL_MspInit       stm32f1xx_hal_msp.o
    0x0800184c   0x0800184c   0x00000020   Code   RO         2759    i.HAL_NVIC_EnableIRQ  stm32f1xx_hal_cortex.o
    0x0800186c   0x0800186c   0x0000007c   Code   RO         2765    i.HAL_NVIC_SetPriority  stm32f1xx_hal_cortex.o
    0x080018e8   0x080018e8   0x00000028   Code   RO         2766    i.HAL_NVIC_SetPriorityGrouping  stm32f1xx_hal_cortex.o
    0x08001910   0x08001910   0x00000118   Code   RO         2561    i.HAL_RCCEx_GetPeriphCLKFreq  stm32f1xx_hal_rcc_ex.o
    0x08001a28   0x08001a28   0x00000130   Code   RO         2562    i.HAL_RCCEx_PeriphCLKConfig  stm32f1xx_hal_rcc_ex.o
    0x08001b58   0x08001b58   0x0000018c   Code   RO         2454    i.HAL_RCC_ClockConfig  stm32f1xx_hal_rcc.o
    0x08001ce4   0x08001ce4   0x0000000c   Code   RO         2459    i.HAL_RCC_GetHCLKFreq  stm32f1xx_hal_rcc.o
    0x08001cf0   0x08001cf0   0x00000020   Code   RO         2461    i.HAL_RCC_GetPCLK1Freq  stm32f1xx_hal_rcc.o
    0x08001d10   0x08001d10   0x00000020   Code   RO         2462    i.HAL_RCC_GetPCLK2Freq  stm32f1xx_hal_rcc.o
    0x08001d30   0x08001d30   0x00000094   Code   RO         2463    i.HAL_RCC_GetSysClockFreq  stm32f1xx_hal_rcc.o
    0x08001dc4   0x08001dc4   0x00000464   Code   RO         2466    i.HAL_RCC_OscConfig  stm32f1xx_hal_rcc.o
    0x08002228   0x08002228   0x00000034   Code   RO         2770    i.HAL_SYSTICK_Config  stm32f1xx_hal_cortex.o
    0x0800225c   0x0800225c   0x00000002   Code   RO         4002    i.HAL_TIMEx_BreakCallback  stm32f1xx_hal_tim_ex.o
    0x0800225e   0x0800225e   0x00000002   Code   RO         4003    i.HAL_TIMEx_CommutCallback  stm32f1xx_hal_tim_ex.o
    0x08002260   0x08002260   0x00000074   Code   RO         4005    i.HAL_TIMEx_ConfigBreakDeadTime  stm32f1xx_hal_tim_ex.o
    0x080022d4   0x080022d4   0x000000ea   Code   RO         4012    i.HAL_TIMEx_HallSensor_Init  stm32f1xx_hal_tim_ex.o
    0x080023be   0x080023be   0x00000002   Code   RO         4014    i.HAL_TIMEx_HallSensor_MspInit  stm32f1xx_hal_tim_ex.o
    0x080023c0   0x080023c0   0x00000084   Code   RO         4021    i.HAL_TIMEx_MasterConfigSynchronization  stm32f1xx_hal_tim_ex.o
    0x08002444   0x08002444   0x000000c4   Code   RO         4032    i.HAL_TIMEx_PWMN_Start  stm32f1xx_hal_tim_ex.o
    0x08002508   0x08002508   0x00000066   Code   RO         3287    i.HAL_TIM_Base_Init  stm32f1xx_hal_tim.o
    0x0800256e   0x0800256e   0x00000002   PAD
    0x08002570   0x08002570   0x000000f0   Code   RO         1683    i.HAL_TIM_Base_MspInit  tim.o
    0x08002660   0x08002660   0x00000078   Code   RO         3292    i.HAL_TIM_Base_Start_IT  stm32f1xx_hal_tim.o
    0x080026d8   0x080026d8   0x00000108   Code   RO         3296    i.HAL_TIM_ConfigClockSource  stm32f1xx_hal_tim.o
    0x080027e0   0x080027e0   0x000000c4   Code   RO         3308    i.HAL_TIM_Encoder_Init  stm32f1xx_hal_tim.o
    0x080028a4   0x080028a4   0x000000dc   Code   RO         1685    i.HAL_TIM_Encoder_MspInit  tim.o
    0x08002980   0x08002980   0x00000002   Code   RO         3321    i.HAL_TIM_IC_CaptureCallback  stm32f1xx_hal_tim.o
    0x08002982   0x08002982   0x00000196   Code   RO         3335    i.HAL_TIM_IRQHandler  stm32f1xx_hal_tim.o
    0x08002b18   0x08002b18   0x0000008c   Code   RO         1686    i.HAL_TIM_MspPostInit  tim.o
    0x08002ba4   0x08002ba4   0x00000002   Code   RO         3338    i.HAL_TIM_OC_DelayElapsedCallback  stm32f1xx_hal_tim.o
    0x08002ba6   0x08002ba6   0x000000fc   Code   RO         3359    i.HAL_TIM_PWM_ConfigChannel  stm32f1xx_hal_tim.o
    0x08002ca2   0x08002ca2   0x00000066   Code   RO         3362    i.HAL_TIM_PWM_Init  stm32f1xx_hal_tim.o
    0x08002d08   0x08002d08   0x00000002   Code   RO         3364    i.HAL_TIM_PWM_MspInit  stm32f1xx_hal_tim.o
    0x08002d0a   0x08002d0a   0x00000002   Code   RO         3365    i.HAL_TIM_PWM_PulseFinishedCallback  stm32f1xx_hal_tim.o
    0x08002d0c   0x08002d0c   0x000000d4   Code   RO         3367    i.HAL_TIM_PWM_Start  stm32f1xx_hal_tim.o
    0x08002de0   0x08002de0   0x00000002   Code   RO         3373    i.HAL_TIM_PeriodElapsedCallback  stm32f1xx_hal_tim.o
    0x08002de2   0x08002de2   0x00000002   Code   RO         3378    i.HAL_TIM_TriggerCallback  stm32f1xx_hal_tim.o
    0x08002de4   0x08002de4   0x00000002   Code   RO         4280    i.HAL_UARTEx_RxEventCallback  stm32f1xx_hal_uart.o
    0x08002de6   0x08002de6   0x00000002   Code   RO         4294    i.HAL_UART_ErrorCallback  stm32f1xx_hal_uart.o
    0x08002de8   0x08002de8   0x0000024c   Code   RO         4297    i.HAL_UART_IRQHandler  stm32f1xx_hal_uart.o
    0x08003034   0x08003034   0x00000072   Code   RO         4298    i.HAL_UART_Init     stm32f1xx_hal_uart.o
    0x080030a6   0x080030a6   0x00000002   PAD
    0x080030a8   0x080030a8   0x000000ac   Code   RO         1755    i.HAL_UART_MspInit  usart.o
    0x08003154   0x08003154   0x00000002   Code   RO         4304    i.HAL_UART_RxCpltCallback  stm32f1xx_hal_uart.o
    0x08003156   0x08003156   0x000000d2   Code   RO         4306    i.HAL_UART_Transmit  stm32f1xx_hal_uart.o
    0x08003228   0x08003228   0x00000002   Code   RO         4309    i.HAL_UART_TxCpltCallback  stm32f1xx_hal_uart.o
    0x0800322a   0x0800322a   0x0000003a   Code   RO         1311    i.HallCalcAngle     hall.o
    0x08003264   0x08003264   0x000000b2   Code   RO         1312    i.HallCalcSpdPos    hall.o
    0x08003316   0x08003316   0x00000072   Code   RO         1313    i.HallClear         hall.o
    0x08003388   0x08003388   0x00000008   Code   RO         1314    i.HallGetHandle     hall.o
    0x08003390   0x08003390   0x00000068   Code   RO         1315    i.HallInit          hall.o
    0x080033f8   0x080033f8   0x000000c8   Code   RO         1316    i.HallInitElAngle   hall.o
    0x080034c0   0x080034c0   0x0000027c   Code   RO         1317    i.HallTimCCIRQHandler  hall.o
    0x0800373c   0x0800373c   0x00000014   Code   RO         1318    i.HallTimUPIRQHandler  hall.o
    0x08003750   0x08003750   0x00000004   Code   RO         1799    i.HardFault_Handler  stm32f1xx_it.o
    0x08003754   0x08003754   0x0000006c   Code   RO         1252    i.JustfloatSendFocVar  vofa_justfloat_engine.o
    0x080037c0   0x080037c0   0x00000028   Code   RO          638    i.KeyGetKeyValue    key_process.o
    0x080037e8   0x080037e8   0x000000f4   Code   RO          793    i.KeyObjInit        key_read.o
    0x080038dc   0x080038dc   0x00000024   Code   RO          639    i.KeyProcInit       key_process.o
    0x08003900   0x08003900   0x00000100   Code   RO          640    i.KeyProcess        key_process.o
    0x08003a00   0x08003a00   0x00000008   Code   RO          875    i.LL_ADC_INJ_StartConversionExtTrig  mc_aux.o
    0x08003a08   0x08003a08   0x0000000a   Code   RO          876    i.LL_ADC_INJ_StopConversionExtTrig  mc_aux.o
    0x08003a12   0x08003a12   0x00000008   Code   RO          877    i.LL_TIM_ClearFlag_UPDATE  mc_aux.o
    0x08003a1a   0x08003a1a   0x0000000a   Code   RO          878    i.LL_TIM_EnableAllOutputs  mc_aux.o
    0x08003a24   0x08003a24   0x0000000a   Code   RO         1319    i.LL_TIM_EnableCounter  hall.o
    0x08003a2e   0x08003a2e   0x0000000a   Code   RO         1320    i.LL_TIM_EnableIT_CC1  hall.o
    0x08003a38   0x08003a38   0x0000000a   Code   RO          879    i.LL_TIM_EnableIT_UPDATE  mc_aux.o
    0x08003a42   0x08003a42   0x0000000a   Code   RO          880    i.LL_TIM_IsActiveFlag_UPDATE  mc_aux.o
    0x08003a4c   0x08003a4c   0x00000004   Code   RO          881    i.LL_TIM_OC_SetCompareCH1  mc_aux.o
    0x08003a50   0x08003a50   0x00000004   Code   RO          882    i.LL_TIM_OC_SetCompareCH2  mc_aux.o
    0x08003a54   0x08003a54   0x00000004   Code   RO          883    i.LL_TIM_OC_SetCompareCH3  mc_aux.o
    0x08003a58   0x08003a58   0x00000004   Code   RO          884    i.LL_TIM_OC_SetCompareCH4  mc_aux.o
    0x08003a5c   0x08003a5c   0x00000004   Code   RO         1321    i.LL_TIM_SetCounter  hall.o
    0x08003a60   0x08003a60   0x00000038   Code   RO          829    i.LedFlashing       led.o
    0x08003a98   0x08003a98   0x0000000c   Code   RO          830    i.LedFreqSet        led.o
    0x08003aa4   0x08003aa4   0x00000018   Code   RO          831    i.LedInit           led.o
    0x08003abc   0x08003abc   0x00000074   Code   RO         1636    i.MX_ADC1_Init      adc.o
    0x08003b30   0x08003b30   0x00000070   Code   RO         1637    i.MX_ADC2_Init      adc.o
    0x08003ba0   0x08003ba0   0x00000124   Code   RO         1610    i.MX_GPIO_Init      gpio.o
    0x08003cc4   0x08003cc4   0x0000011c   Code   RO         1687    i.MX_TIM1_Init      tim.o
    0x08003de0   0x08003de0   0x00000080   Code   RO         1688    i.MX_TIM2_Init      tim.o
    0x08003e60   0x08003e60   0x00000094   Code   RO         1689    i.MX_TIM3_Init      tim.o
    0x08003ef4   0x08003ef4   0x00000038   Code   RO         1756    i.MX_USART1_UART_Init  usart.o
    0x08003f2c   0x08003f2c   0x0000005c   Code   RO          885    i.McAuxInit         mc_aux.o
    0x08003f88   0x08003f88   0x00000068   Code   RO          886    i.McCalcOffsetVol   mc_aux.o
    0x08003ff0   0x08003ff0   0x00000078   Code   RO          887    i.McDecSpdRef       mc_aux.o
    0x08004068   0x08004068   0x0000000c   Code   RO          888    i.McGetIa           mc_aux.o
    0x08004074   0x08004074   0x0000000c   Code   RO          890    i.McGetIb           mc_aux.o
    0x08004080   0x08004080   0x0000000c   Code   RO          893    i.McGetId           mc_aux.o
    0x0800408c   0x0800408c   0x0000000c   Code   RO          895    i.McGetIq           mc_aux.o
    0x08004098   0x08004098   0x0000000c   Code   RO          897    i.McGetMotorStart   mc_aux.o
    0x080040a4   0x080040a4   0x00000020   Code   RO          898    i.McGetPosFedRad    mc_aux.o
    0x080040c4   0x080040c4   0x0000000c   Code   RO          899    i.McGetPosFedS16    mc_aux.o
    0x080040d0   0x080040d0   0x0000000c   Code   RO          900    i.McGetPosRefInt    mc_aux.o
    0x080040dc   0x080040dc   0x0000000c   Code   RO          902    i.McGetRotateDir    mc_aux.o
    0x080040e8   0x080040e8   0x0000000c   Code   RO          903    i.McGetSpdFed       mc_aux.o
    0x080040f4   0x080040f4   0x0000000c   Code   RO          905    i.McGetSpdRef       mc_aux.o
    0x08004100   0x08004100   0x0000000c   Code   RO          906    i.McGetSysCtrlMode  mc_aux.o
    0x0800410c   0x0800410c   0x00000084   Code   RO          912    i.McIncSpdRef       mc_aux.o
    0x08004190   0x08004190   0x00000050   Code   RO          913    i.McKeySetSysCtrlMode  mc_aux.o
    0x080041e0   0x080041e0   0x000000b0   Code   RO          914    i.McSetPosRef       mc_aux.o
    0x08004290   0x08004290   0x0000000c   Code   RO          915    i.McSetRotateDir    mc_aux.o
    0x0800429c   0x0800429c   0x0000001c   Code   RO          916    i.McSetSpdRef       mc_aux.o
    0x080042b8   0x080042b8   0x00000014   Code   RO          918    i.McStartMotor      mc_aux.o
    0x080042cc   0x080042cc   0x00000014   Code   RO          919    i.McStopMotor       mc_aux.o
    0x080042e0   0x080042e0   0x00000004   Code   RO         1800    i.MemManage_Handler  stm32f1xx_it.o
    0x080042e4   0x080042e4   0x00000006   Code   RO          242    i.MultiWord2sLong   mmcs_s2f.o
    0x080042ea   0x080042ea   0x0000002a   Code   RO          243    i.MultiWordNeg      mmcs_s2f.o
    0x08004314   0x08004314   0x00000022   Code   RO          244    i.MultiWordSetSignedMax  mmcs_s2f.o
    0x08004336   0x08004336   0x00000020   Code   RO          245    i.MultiWordSetSignedMin  mmcs_s2f.o
    0x08004356   0x08004356   0x00000004   Code   RO         1801    i.NMI_Handler       stm32f1xx_it.o
    0x0800435a   0x0800435a   0x000000a6   Code   RO         1526    i.OcDetectExec      over_current_detect.o
    0x08004400   0x08004400   0x00000008   Code   RO         1527    i.OcDetectGetHandle  over_current_detect.o
    0x08004408   0x08004408   0x00000014   Code   RO         1528    i.OcDetectInit      over_current_detect.o
    0x0800441c   0x0800441c   0x00000064   Code   RO          920    i.PWMLowSideOn      mc_aux.o
    0x08004480   0x08004480   0x00000002   Code   RO         1802    i.PendSV_Handler    stm32f1xx_it.o
    0x08004482   0x08004482   0x00000002   PAD
    0x08004484   0x08004484   0x00000128   Code   RO          537    i.PosCtrPlan        trajectory_ctrl.o
    0x080045ac   0x080045ac   0x00000146   Code   RO          538    i.PosCtrPlanExec    trajectory_ctrl.o
    0x080046f2   0x080046f2   0x00000002   PAD
    0x080046f4   0x080046f4   0x00000038   Code   RO          539    i.PosCtrlInit       trajectory_ctrl.o
    0x0800472c   0x0800472c   0x00000044   Code   RO         1253    i.PosLoopVarCpy     vofa_justfloat_engine.o
    0x08004770   0x08004770   0x0000005c   Code   RO          921    i.PwmTimStart       mc_aux.o
    0x080047cc   0x080047cc   0x00000028   Code   RO         2467    i.RCC_Delay         stm32f1xx_hal_rcc.o
    0x080047f4   0x080047f4   0x0000003a   Code   RO          794    i.ReadGroupKey      key_read.o
    0x0800482e   0x0800482e   0x00000050   Code   RO          795    i.ReadOneKey        key_read.o
    0x0800487e   0x0800487e   0x00000002   Code   RO         1803    i.SVC_Handler       stm32f1xx_it.o
    0x08004880   0x08004880   0x00000016   Code   RO         1478    i.SensorAlign       spd_sensor.o
    0x08004896   0x08004896   0x0000002e   Code   RO         1479    i.SensorCalcAngle   spd_sensor.o
    0x080048c4   0x080048c4   0x00000036   Code   RO         1480    i.SensorCalcSpdPos  spd_sensor.o
    0x080048fa   0x080048fa   0x00000026   Code   RO         1481    i.SensorClear       spd_sensor.o
    0x08004920   0x08004920   0x00000026   Code   RO         1482    i.SensorInit        spd_sensor.o
    0x08004946   0x08004946   0x00000002   PAD
    0x08004948   0x08004948   0x00000024   Code   RO          922    i.SetTim1CCRX       mc_aux.o
    0x0800496c   0x0800496c   0x0000002a   Code   RO         1254    i.SpdLoopVarCpy     vofa_justfloat_engine.o
    0x08004996   0x08004996   0x00000002   PAD
    0x08004998   0x08004998   0x0000007c   Code   RO          923    i.StmSwitchAction   mc_aux.o
    0x08004a14   0x08004a14   0x0000002c   Code   RO         1804    i.SysTick_Handler   stm32f1xx_it.o
    0x08004a40   0x08004a40   0x00000084   Code   RO         1569    i.SystemClock_Config  main.o
    0x08004ac4   0x08004ac4   0x00000002   Code   RO         4637    i.SystemInit        system_stm32f1xx.o
    0x08004ac6   0x08004ac6   0x00000016   Code   RO          924    i.SystickConfig     mc_aux.o
    0x08004adc   0x08004adc   0x00000018   Code   RO         1805    i.TIM1_UP_IRQHandler  stm32f1xx_it.o
    0x08004af4   0x08004af4   0x00000010   Code   RO         1806    i.TIM2_IRQHandler   stm32f1xx_it.o
    0x08004b04   0x08004b04   0x00000040   Code   RO         1807    i.TIM3_IRQHandler   stm32f1xx_it.o
    0x08004b44   0x08004b44   0x00000074   Code   RO         3380    i.TIM_Base_SetConfig  stm32f1xx_hal_tim.o
    0x08004bb8   0x08004bb8   0x00000022   Code   RO         3381    i.TIM_CCxChannelCmd  stm32f1xx_hal_tim.o
    0x08004bda   0x08004bda   0x00000022   Code   RO         4041    i.TIM_CCxNChannelCmd  stm32f1xx_hal_tim_ex.o
    0x08004bfc   0x08004bfc   0x00000016   Code   RO         3391    i.TIM_ETR_SetConfig  stm32f1xx_hal_tim.o
    0x08004c12   0x08004c12   0x00000012   Code   RO         3392    i.TIM_ITRx_SetConfig  stm32f1xx_hal_tim.o
    0x08004c24   0x08004c24   0x00000060   Code   RO         3393    i.TIM_OC1_SetConfig  stm32f1xx_hal_tim.o
    0x08004c84   0x08004c84   0x00000068   Code   RO         3394    i.TIM_OC2_SetConfig  stm32f1xx_hal_tim.o
    0x08004cec   0x08004cec   0x00000068   Code   RO         3395    i.TIM_OC3_SetConfig  stm32f1xx_hal_tim.o
    0x08004d54   0x08004d54   0x00000048   Code   RO         3396    i.TIM_OC4_SetConfig  stm32f1xx_hal_tim.o
    0x08004d9c   0x08004d9c   0x00000026   Code   RO         3398    i.TIM_TI1_ConfigInputStage  stm32f1xx_hal_tim.o
    0x08004dc2   0x08004dc2   0x00000002   PAD
    0x08004dc4   0x08004dc4   0x00000068   Code   RO         3399    i.TIM_TI1_SetConfig  stm32f1xx_hal_tim.o
    0x08004e2c   0x08004e2c   0x00000028   Code   RO         3400    i.TIM_TI2_ConfigInputStage  stm32f1xx_hal_tim.o
    0x08004e54   0x08004e54   0x00000040   Code   RO          925    i.TIMx_UP_IRQHandler  mc_aux.o
    0x08004e94   0x08004e94   0x00000040   Code   RO          926    i.TurnOffPWM        mc_aux.o
    0x08004ed4   0x08004ed4   0x0000006c   Code   RO          927    i.TurnOnPWM         mc_aux.o
    0x08004f40   0x08004f40   0x00000014   Code   RO         4311    i.UART_DMAAbortOnError  stm32f1xx_hal_uart.o
    0x08004f54   0x08004f54   0x00000036   Code   RO         4321    i.UART_EndRxTransfer  stm32f1xx_hal_uart.o
    0x08004f8a   0x08004f8a   0x00000020   Code   RO         4322    i.UART_EndTransmit_IT  stm32f1xx_hal_uart.o
    0x08004faa   0x08004faa   0x000000e4   Code   RO         4324    i.UART_Receive_IT   stm32f1xx_hal_uart.o
    0x0800508e   0x0800508e   0x00000002   PAD
    0x08005090   0x08005090   0x000000fc   Code   RO         4325    i.UART_SetConfig    stm32f1xx_hal_uart.o
    0x0800518c   0x0800518c   0x00000060   Code   RO         4328    i.UART_Transmit_IT  stm32f1xx_hal_uart.o
    0x080051ec   0x080051ec   0x0000006c   Code   RO         4329    i.UART_WaitOnFlagUntilTimeout  stm32f1xx_hal_uart.o
    0x08005258   0x08005258   0x00000010   Code   RO         1808    i.USART1_IRQHandler  stm32f1xx_it.o
    0x08005268   0x08005268   0x00000004   Code   RO         1809    i.UsageFault_Handler  stm32f1xx_it.o
    0x0800526c   0x0800526c   0x00000010   Code   RO         2772    i.__NVIC_GetPriorityGrouping  stm32f1xx_hal_cortex.o
    0x0800527c   0x0800527c   0x00000028   Code   RO         2773    i.__NVIC_SetPriority  stm32f1xx_hal_cortex.o
    0x080052a4   0x080052a4   0x00000008   Code   RO         4791    i.__mathlib_flt_invalid  m_ws.l(funder.o)
    0x080052ac   0x080052ac   0x000000dc   Code   RO         4749    i.ceil              m_ws.l(ceil.o)
    0x08005388   0x08005388   0x00000050   Code   RO          246    i.div_s16s32        mmcs_s2f.o
    0x080053d8   0x080053d8   0x0000004a   Code   RO          247    i.div_s32           mmcs_s2f.o
    0x08005422   0x08005422   0x00000002   PAD
    0x08005424   0x08005424   0x000000dc   Code   RO         4753    i.floor             m_ws.l(floor.o)
    0x08005500   0x08005500   0x0000006c   Code   RO         4757    i.fmodf             m_ws.l(fmodf.o)
    0x0800556c   0x0800556c   0x0000006a   Code   RO         1570    i.main              main.o
    0x080055d6   0x080055d6   0x00000002   PAD
    0x080055d8   0x080055d8   0x000000c4   Code   RO           10    i.mmcs_s2f_AntiPark  antipark.o
    0x0800569c   0x0800569c   0x00000070   Code   RO          116    i.mmcs_s2f_Clark    clark.o
    0x0800570c   0x0800570c   0x0000053c   Code   RO          570    i.mmcs_s2f_CurrentLoop  currentloop.o
    0x08005c48   0x08005c48   0x00000008   Code   RO          571    i.mmcs_s2f_CurrentLoop_Init  currentloop.o
    0x08005c50   0x08005c50   0x000002cc   Code   RO          180    i.mmcs_s2f_HFTask   hftask.o
    0x08005f1c   0x08005f1c   0x0000001e   Code   RO          181    i.mmcs_s2f_HFTask_Init  hftask.o
    0x08005f3a   0x08005f3a   0x00000002   PAD
    0x08005f3c   0x08005f3c   0x00000e94   Code   RO          211    i.mmcs_s2f_MFTask   mftask.o
    0x08006dd0   0x08006dd0   0x00000022   Code   RO          212    i.mmcs_s2f_MFTask_Init  mftask.o
    0x08006df2   0x08006df2   0x00000002   PAD
    0x08006df4   0x08006df4   0x000004c0   Code   RO          379    i.mmcs_s2f_ObserverPLL  observerpll.o
    0x080072b4   0x080072b4   0x0000000c   Code   RO          380    i.mmcs_s2f_ObserverPLL_Init  observerpll.o
    0x080072c0   0x080072c0   0x000000a8   Code   RO          381    i.mmcs_s2f_ObserverPLL_Update  observerpll.o
    0x08007368   0x08007368   0x000000c4   Code   RO          416    i.mmcs_s2f_Park     park.o
    0x0800742c   0x0800742c   0x00000114   Code   RO          601    i.mmcs_s2f_SpeedConvert  speedconvert.o
    0x08007540   0x08007540   0x00000010   Code   RO          602    i.mmcs_s2f_SpeedConvert_Init  speedconvert.o
    0x08007550   0x08007550   0x0000007c   Code   RO          248    i.mmcs_s2f_initialize  mmcs_s2f.o
    0x080075cc   0x080075cc   0x000000e0   Code   RO          249    i.mmcs_s2f_step0    mmcs_s2f.o
    0x080076ac   0x080076ac   0x0000013c   Code   RO          250    i.mmcs_s2f_step1    mmcs_s2f.o
    0x080077e8   0x080077e8   0x00000038   Code   RO          252    i.mul_s32_hiSR_zero  mmcs_s2f.o
    0x08007820   0x08007820   0x00000092   Code   RO          253    i.mul_s32_loSR_sat_zero  mmcs_s2f.o
    0x080078b2   0x080078b2   0x00000042   Code   RO          254    i.mul_s32_loSR_zero  mmcs_s2f.o
    0x080078f4   0x080078f4   0x0000004c   Code   RO          255    i.mul_s32_sat       mmcs_s2f.o
    0x08007940   0x08007940   0x000000a4   Code   RO          256    i.mul_wide_s32      mmcs_s2f.o
    0x080079e4   0x080079e4   0x00000038   Code   RO          489    i.rtGetInf          rtgetinf.o
    0x08007a1c   0x08007a1c   0x0000000c   Code   RO          490    i.rtGetInfF         rtgetinf.o
    0x08007a28   0x08007a28   0x00000038   Code   RO          491    i.rtGetMinusInf     rtgetinf.o
    0x08007a60   0x08007a60   0x00000010   Code   RO          492    i.rtGetMinusInfF    rtgetinf.o
    0x08007a70   0x08007a70   0x00000038   Code   RO          519    i.rtGetNaN          rtgetnan.o
    0x08007aa8   0x08007aa8   0x00000014   Code   RO          520    i.rtGetNaNF         rtgetnan.o
    0x08007abc   0x08007abc   0x0000002c   Code   RO          445    i.rtIsInfF          rt_nonfinite.o
    0x08007ae8   0x08007ae8   0x00000022   Code   RO          447    i.rtIsNaNF          rt_nonfinite.o
    0x08007b0a   0x08007b0a   0x00000002   PAD
    0x08007b0c   0x08007b0c   0x00000050   Code   RO          448    i.rt_InitInfAndNaN  rt_nonfinite.o
    0x08007b5c   0x08007b5c   0x00000090   Code   RO          603    i.rt_roundd_snf     speedconvert.o
    0x08007bec   0x08007bec   0x00000018   Code   RO          257    i.sLong2MultiWord   mmcs_s2f.o
    0x08007c04   0x08007c04   0x0000004e   Code   RO          258    i.sMultiWord2MultiWord  mmcs_s2f.o
    0x08007c52   0x08007c52   0x000000b0   Code   RO          259    i.sMultiWordDivZero  mmcs_s2f.o
    0x08007d02   0x08007d02   0x0000016a   Code   RO          260    i.ssuMultiWordMul   mmcs_s2f.o
    0x08007e6c   0x08007e6c   0x00000052   Code   RO         4764    i.truncf            m_ws.l(truncf.o)
    0x08007ebe   0x08007ebe   0x00000560   Code   RO          261    i.uMultiWordDiv     mmcs_s2f.o
    0x0800841e   0x0800841e   0x00000002   PAD
    0x08008420   0x08008420   0x00000062   Code   RO         4684    x$fpl$d2f           fz_ws.l(d2f.o)
    0x08008482   0x08008482   0x00000002   PAD
    0x08008484   0x08008484   0x00000150   Code   RO         4686    x$fpl$dadd          fz_ws.l(daddsub_clz.o)
    0x080085d4   0x080085d4   0x00000018   Code   RO         4771    x$fpl$dcmpinf       fz_ws.l(dcmpi.o)
    0x080085ec   0x080085ec   0x000002b0   Code   RO         4693    x$fpl$ddiv          fz_ws.l(ddiv.o)
    0x0800889c   0x0800889c   0x0000005e   Code   RO         4698    x$fpl$dfix          fz_ws.l(dfix.o)
    0x080088fa   0x080088fa   0x0000002e   Code   RO         4703    x$fpl$dflt          fz_ws.l(dflt_clz.o)
    0x08008928   0x08008928   0x00000078   Code   RO         4708    x$fpl$dleqf         fz_ws.l(dleqf.o)
    0x080089a0   0x080089a0   0x00000154   Code   RO         4710    x$fpl$dmul          fz_ws.l(dmul.o)
    0x08008af4   0x08008af4   0x0000009c   Code   RO         4773    x$fpl$dnaninf       fz_ws.l(dnaninf.o)
    0x08008b90   0x08008b90   0x0000000c   Code   RO         4775    x$fpl$dretinf       fz_ws.l(dretinf.o)
    0x08008b9c   0x08008b9c   0x0000006c   Code   RO         4712    x$fpl$drleqf        fz_ws.l(drleqf.o)
    0x08008c08   0x08008c08   0x00000016   Code   RO         4687    x$fpl$drsb          fz_ws.l(daddsub_clz.o)
    0x08008c1e   0x08008c1e   0x00000002   PAD
    0x08008c20   0x08008c20   0x000001d4   Code   RO         4688    x$fpl$dsub          fz_ws.l(daddsub_clz.o)
    0x08008df4   0x08008df4   0x00000056   Code   RO         4714    x$fpl$f2d           fz_ws.l(f2d.o)
    0x08008e4a   0x08008e4a   0x00000002   PAD
    0x08008e4c   0x08008e4c   0x000000c4   Code   RO         4716    x$fpl$fadd          fz_ws.l(faddsub_clz.o)
    0x08008f10   0x08008f10   0x00000018   Code   RO         4777    x$fpl$fcmpinf       fz_ws.l(fcmpi.o)
    0x08008f28   0x08008f28   0x00000184   Code   RO         4723    x$fpl$fdiv          fz_ws.l(fdiv.o)
    0x080090ac   0x080090ac   0x00000068   Code   RO         4726    x$fpl$feqf          fz_ws.l(feqf.o)
    0x08009114   0x08009114   0x00000036   Code   RO         4728    x$fpl$ffix          fz_ws.l(ffix.o)
    0x0800914a   0x0800914a   0x00000002   PAD
    0x0800914c   0x0800914c   0x0000003e   Code   RO         4732    x$fpl$ffixu         fz_ws.l(ffixu.o)
    0x0800918a   0x0800918a   0x00000002   PAD
    0x0800918c   0x0800918c   0x00000030   Code   RO         4737    x$fpl$fflt          fz_ws.l(fflt_clz.o)
    0x080091bc   0x080091bc   0x00000068   Code   RO         4742    x$fpl$fleqf         fz_ws.l(fleqf.o)
    0x08009224   0x08009224   0x00000102   Code   RO         4744    x$fpl$fmul          fz_ws.l(fmul.o)
    0x08009326   0x08009326   0x0000008c   Code   RO         4779    x$fpl$fnaninf       fz_ws.l(fnaninf.o)
    0x080093b2   0x080093b2   0x00000002   PAD
    0x080093b4   0x080093b4   0x000000f4   Code   RO         4781    x$fpl$frem          fz_ws.l(frem_clz.o)
    0x080094a8   0x080094a8   0x0000000a   Code   RO         4783    x$fpl$fretinf       fz_ws.l(fretinf.o)
    0x080094b2   0x080094b2   0x00000062   Code   RO         4746    x$fpl$frleqf        fz_ws.l(frleqf.o)
    0x08009514   0x08009514   0x00000060   Code   RO         4785    x$fpl$frnd          fz_ws.l(frnd.o)
    0x08009574   0x08009574   0x00000014   Code   RO         4717    x$fpl$frsb          fz_ws.l(faddsub_clz.o)
    0x08009588   0x08009588   0x000000ea   Code   RO         4718    x$fpl$fsub          fz_ws.l(faddsub_clz.o)
    0x08009672   0x08009672   0x00000000   Code   RO         4787    x$fpl$usenofp       fz_ws.l(usenofp.o)
    0x08009672   0x08009672   0x00000086   Data   RO          102    .constdata          circle_limit.o
    0x080096f8   0x080096f8   0x00000200   Data   RO          149    .constdata          em_sincos.o
    0x080098f8   0x080098f8   0x00000018   Data   RO         4638    .constdata          system_stm32f1xx.o
    0x08009910   0x08009910   0x00000020   Data   RO         4979    Region$$Table       anon$$obj.o


    Execution Region RW_IRAM1 (Exec base: 0x20000000, Load base: 0x08009930, Size: 0x00000fa0, Max: 0x00005000, ABSOLUTE)

    Exec Addr    Load Addr    Size         Type   Attr      Idx    E Section Name        Object

    0x20000000   0x08009930   0x00000060   Data   RW          264    .data               mmcs_s2f.o
    0x20000060   0x08009990   0x00000024   Data   RW          449    .data               rt_nonfinite.o
    0x20000084   0x080099b4   0x0000003c   Data   RW          641    .data               key_process.o
    0x200000c0   0x080099f0   0x00000004   Data   RW          832    .data               led.o
    0x200000c4   0x080099f4   0x0000001a   Data   RW          929    .data               mc_aux.o
    0x200000de   0x08009a0e   0x00000002   PAD
    0x200000e0   0x08009a10   0x00000009   Data   RW         2304    .data               stm32f1xx_hal.o
    0x200000e9   0x08009a19   0x00000003   PAD
    0x200000ec   0x08009a1c   0x00000004   Data   RW         4639    .data               system_stm32f1xx.o
    0x200000f0        -       0x000005e0   Zero   RW          262    .bss                mmcs_s2f.o
    0x200006d0        -       0x0000006c   Zero   RW         1322    .bss                hall.o
    0x2000073c   0x08009a20   0x00000004   PAD
    0x20000740        -       0x00000078   Zero   RW         1410    .bss                encoder.o
    0x200007b8        -       0x0000000c   Zero   RW         1529    .bss                over_current_detect.o
    0x200007c4        -       0x00000060   Zero   RW         1638    .bss                adc.o
    0x20000824        -       0x000000d8   Zero   RW         1690    .bss                tim.o
    0x200008fc        -       0x00000044   Zero   RW         1757    .bss                usart.o
    0x20000940        -       0x00000060   Zero   RW         4829    .bss                c_w.l(libspace.o)
    0x200009a0        -       0x00000200   Zero   RW            2    HEAP                startup_stm32f103xb.o
    0x20000ba0        -       0x00000400   Zero   RW            1    STACK               startup_stm32f103xb.o


==============================================================================

Image component sizes


      Code (inc. data)   RO Data    RW Data    ZI Data      Debug   Object Name

       456         36          0          0         96       3070   adc.o
       196          6          0          0          0      18723   antipark.o
       104         10        134          0          0       1721   circle_limit.o
       112          4          0          0          0       2785   clark.o
      1348         48          0          0          0       5127   currentloop.o
       224          8        512          0          0       4193   em_sincos.o
       624          0          0          0          0       1610   em_svpwm.o
       518         10          0          0        120      30674   encoder.o
       292         18          0          0          0       1279   gpio.o
      1342         44          0          0        108      32300   hall.o
       746         36          0          0          0       6249   hftask.o
       332         22          0         60          0     450427   key_process.o
       382         26          0          0          0       2957   key_read.o
        92         30          0          4          0       2021   led.o
       244          0          0          0          0       2060   main.o
      1938        310          0         26          0      81264   mc_aux.o
      3766         58          0          0          0      11145   mftask.o
      3456        152          0         96       1504      21981   mmcs_s2f.o
      1396         38          0          0          0       6849   observerpll.o
       194          4          0          0         12       3737   over_current_detect.o
       196          6          0          0          0       2260   park.o
       158         34          0         36          0       3276   rt_nonfinite.o
       140         18          0          0          0       2756   rtgetinf.o
        76         12          0          0          0       1371   rtgetnan.o
       198          0          0          0          0       4010   spd_sensor.o
       436         30          0          0          0       3853   speedconvert.o
        64         26        236          0       1536        924   startup_stm32f103xb.o
       152         32          0          9          0       6189   stm32f1xx_hal.o
       560         20          0          0          0       3549   stm32f1xx_hal_adc.o
      1124         26          0          0          0       3869   stm32f1xx_hal_adc_ex.o
       304         22          0          0          0      30327   stm32f1xx_hal_cortex.o
       262          4          0          0          0       2143   stm32f1xx_hal_dma.o
       848         34          0          0          0       4580   stm32f1xx_hal_gpio.o
        84          8          0          0          0       1150   stm32f1xx_hal_msp.o
      1784        110          0          0          0       7044   stm32f1xx_hal_rcc.o
       584         46          0          0          0       2797   stm32f1xx_hal_rcc_ex.o
      2414         74          0          0          0      21179   stm32f1xx_hal_tim.o
       718         28          0          0          0       7255   stm32f1xx_hal_tim_ex.o
      1710         10          0          0          0      12280   stm32f1xx_hal_uart.o
       218         32          0          0          0      31423   stm32f1xx_it.o
         2          0         24          4          0       1511   system_stm32f1xx.o
      1160         84          0          0        216       5928   tim.o
       678         26          0          0          0       4500   trajectory_ctrl.o
       228         30          0          0         68       2246   usart.o
       260          8          0          0          0       4494   vofa_justfloat_engine.o

    ----------------------------------------------------------------------
     32154       1580        938        240       3664     861086   Object Totals
         0          0         32          0          0          0   (incl. Generated)
        34          0          0          5          4          0   (incl. Padding)

    ----------------------------------------------------------------------

      Code (inc. data)   RO Data    RW Data    ZI Data      Debug   Library Member Name

         8          0          0          0          0         68   __main.o
         0          0          0          0          0          0   __rtentry.o
        12          0          0          0          0          0   __rtentry2.o
         6          0          0          0          0          0   __rtentry4.o
        52          8          0          0          0          0   __scatter.o
        26          0          0          0          0          0   __scatter_copy.o
        28          0          0          0          0          0   __scatter_zi.o
        22          0          0          0          0        100   _rserrno.o
        18          0          0          0          0         80   exit.o
         6          0          0          0          0        152   heapauxi.o
         0          0          0          0          0          0   indicate_semi.o
         2          0          0          0          0          0   libinit.o
         2          0          0          0          0          0   libinit2.o
         2          0          0          0          0          0   libshutdown.o
         2          0          0          0          0          0   libshutdown2.o
         8          4          0          0         96         68   libspace.o
        72          0          0          0          0         76   llsdiv.o
       238          0          0          0          0        100   lludivv7m.o
         8          4          0          0          0         68   rt_errno_addr_intlibspace.o
        78          0          0          0          0         80   rt_memclr_w.o
       100          0          0          0          0         80   rt_memcpy_w.o
         2          0          0          0          0          0   rtexit.o
        10          0          0          0          0          0   rtexit2.o
        12          4          0          0          0         68   sys_exit.o
        74          0          0          0          0         80   sys_stackheap_outer.o
         2          0          0          0          0         68   use_no_semi.o
        98          4          0          0          0         92   d2f.o
       826         16          0          0          0        348   daddsub_clz.o
        24          0          0          0          0         68   dcmpi.o
       688        140          0          0          0        208   ddiv.o
        94          4          0          0          0         92   dfix.o
        46          0          0          0          0         68   dflt_clz.o
       120          4          0          0          0         92   dleqf.o
       340         12          0          0          0        104   dmul.o
       156          4          0          0          0         92   dnaninf.o
        12          0          0          0          0         68   dretinf.o
       108          0          0          0          0         80   drleqf.o
        86          4          0          0          0         84   f2d.o
       450          8          0          0          0        236   faddsub_clz.o
        24          0          0          0          0         68   fcmpi.o
       388         76          0          0          0         96   fdiv.o
       104          4          0          0          0         84   feqf.o
        54          4          0          0          0         84   ffix.o
        62          4          0          0          0         84   ffixu.o
        48          0          0          0          0         68   fflt_clz.o
       104          4          0          0          0         84   fleqf.o
       258          4          0          0          0         84   fmul.o
       140          4          0          0          0         84   fnaninf.o
       244          8          0          0          0         84   frem_clz.o
        10          0          0          0          0         68   fretinf.o
        98          0          0          0          0         68   frleqf.o
        96          4          0          0          0         76   frnd.o
         0          0          0          0          0          0   usenofp.o
       220         16          0          0          0         84   ceil.o
       220         16          0          0          0         84   floor.o
       108          0          0          0          0         96   fmodf.o
         8          0          0          0          0         68   funder.o
        82          0          0          0          0         80   truncf.o

    ----------------------------------------------------------------------
      6124        360          0          0         96       4164   Library Totals
        18          0          0          0          0          0   (incl. Padding)

    ----------------------------------------------------------------------

      Code (inc. data)   RO Data    RW Data    ZI Data      Debug   Library Name

       790         20          0          0         96       1088   c_w.l
      4678        308          0          0          0       2664   fz_ws.l
       638         32          0          0          0        412   m_ws.l

    ----------------------------------------------------------------------
      6124        360          0          0         96       4164   Library Totals

    ----------------------------------------------------------------------

==============================================================================


      Code (inc. data)   RO Data    RW Data    ZI Data      Debug   

     38278       1940        938        240       3760     850634   Grand Totals
     38278       1940        938        240       3760     850634   ELF Image Totals
     38278       1940        938        240          0          0   ROM Totals

==============================================================================

    Total RO  Size (Code + RO Data)                39216 (  38.30kB)
    Total RW  Size (RW Data + ZI Data)              4000 (   3.91kB)
    Total ROM Size (Code + RO Data + RW Data)      39456 (  38.53kB)

==============================================================================

